Archive member included to satisfy reference by file (symbol)

/home/arduino/ArduinoApps/uno-q-pin-toggle-ui/.cache/sketch/core/core.a(abi.cpp.o)
                              /home/arduino/ArduinoApps/uno-q-pin-toggle-ui/.cache/sketch/sketch/sketch.ino.cpp.o (std::__throw_length_error(char const*))
/home/arduino/ArduinoApps/uno-q-pin-toggle-ui/.cache/sketch/core/core.a(Stream.cpp.o)
                              /home/arduino/ArduinoApps/uno-q-pin-toggle-ui/.cache/sketch/sketch/sketch.ino.cpp.o (arduino::Stream::setTimeout(unsigned long))
/home/arduino/ArduinoApps/uno-q-pin-toggle-ui/.cache/sketch/core/core.a(String.cpp.o)
                              /home/arduino/ArduinoApps/uno-q-pin-toggle-ui/.cache/sketch/sketch/sketch.ino.cpp.o (arduino::String::String(arduino::String&&))
/home/arduino/ArduinoApps/uno-q-pin-toggle-ui/.cache/sketch/core/core.a(itoa.cpp.o)
                              /home/arduino/ArduinoApps/uno-q-pin-toggle-ui/.cache/sketch/core/core.a(String.cpp.o) (dtostrf)
/home/arduino/ArduinoApps/uno-q-pin-toggle-ui/.cache/sketch/core/core.a(main.cpp.o)
                              (main)
/home/arduino/ArduinoApps/uno-q-pin-toggle-ui/.cache/sketch/core/core.a(new.cpp.o)
                              /home/arduino/ArduinoApps/uno-q-pin-toggle-ui/.cache/sketch/sketch/sketch.ino.cpp.o (operator new(unsigned int))
/home/arduino/ArduinoApps/uno-q-pin-toggle-ui/.cache/sketch/core/core.a(threads.cpp.o)
                              /home/arduino/ArduinoApps/uno-q-pin-toggle-ui/.cache/sketch/core/core.a(main.cpp.o) (start_static_threads())
/home/arduino/ArduinoApps/uno-q-pin-toggle-ui/.cache/sketch/core/core.a(zephyrCommon.cpp.o)
                              /home/arduino/ArduinoApps/uno-q-pin-toggle-ui/.cache/sketch/sketch/sketch.ino.cpp.o (pinMode)
/home/arduino/ArduinoApps/uno-q-pin-toggle-ui/.cache/sketch/core/core.a(zephyrSerial.cpp.o)
                              /home/arduino/ArduinoApps/uno-q-pin-toggle-ui/.cache/sketch/sketch/sketch.ino.cpp.o (Serial1)
/home/arduino/ArduinoApps/uno-q-pin-toggle-ui/.cache/sketch/core/core.a(Common.cpp.o)
                              /home/arduino/ArduinoApps/uno-q-pin-toggle-ui/.cache/sketch/core/core.a(zephyrCommon.cpp.o) (map(long, long, long, long, long))

Discarded input sections

 .group         0x0000000000000000        0x8 /home/arduino/ArduinoApps/uno-q-pin-toggle-ui/.cache/sketch/sketch/sketch.ino.cpp.o
 .group         0x0000000000000000        0x8 /home/arduino/ArduinoApps/uno-q-pin-toggle-ui/.cache/sketch/sketch/sketch.ino.cpp.o
 .group         0x0000000000000000        0x8 /home/arduino/ArduinoApps/uno-q-pin-toggle-ui/.cache/sketch/sketch/sketch.ino.cpp.o
 .group         0x0000000000000000        0x8 /home/arduino/ArduinoApps/uno-q-pin-toggle-ui/.cache/sketch/sketch/sketch.ino.cpp.o
 .group         0x0000000000000000       0x10 /home/arduino/ArduinoApps/uno-q-pin-toggle-ui/.cache/sketch/sketch/sketch.ino.cpp.o
 .group         0x0000000000000000        0x8 /home/arduino/ArduinoApps/uno-q-pin-toggle-ui/.cache/sketch/sketch/sketch.ino.cpp.o
 .group         0x0000000000000000       0x24 /home/arduino/ArduinoApps/uno-q-pin-toggle-ui/.cache/sketch/sketch/sketch.ino.cpp.o
 .group         0x0000000000000000        0xc /home/arduino/ArduinoApps/uno-q-pin-toggle-ui/.cache/sketch/sketch/sketch.ino.cpp.o
 .group         0x0000000000000000        0xc /home/arduino/ArduinoApps/uno-q-pin-toggle-ui/.cache/sketch/sketch/sketch.ino.cpp.o
 .group         0x0000000000000000        0xc /home/arduino/ArduinoApps/uno-q-pin-toggle-ui/.cache/sketch/sketch/sketch.ino.cpp.o
 .group         0x0000000000000000        0xc /home/arduino/ArduinoApps/uno-q-pin-toggle-ui/.cache/sketch/sketch/sketch.ino.cpp.o
 .group         0x0000000000000000        0xc /home/arduino/ArduinoApps/uno-q-pin-toggle-ui/.cache/sketch/sketch/sketch.ino.cpp.o
 .group         0x0000000000000000        0xc /home/arduino/ArduinoApps/uno-q-pin-toggle-ui/.cache/sketch/sketch/sketch.ino.cpp.o
 .group         0x0000000000000000        0x8 /home/arduino/ArduinoApps/uno-q-pin-toggle-ui/.cache/sketch/sketch/sketch.ino.cpp.o
 .group         0x0000000000000000       0x14 /home/arduino/ArduinoApps/uno-q-pin-toggle-ui/.cache/sketch/sketch/sketch.ino.cpp.o
 .group         0x0000000000000000        0x8 /home/arduino/ArduinoApps/uno-q-pin-toggle-ui/.cache/sketch/sketch/sketch.ino.cpp.o
 .group         0x0000000000000000        0x8 /home/arduino/ArduinoApps/uno-q-pin-toggle-ui/.cache/sketch/sketch/sketch.ino.cpp.o
 .group         0x0000000000000000        0x8 /home/arduino/ArduinoApps/uno-q-pin-toggle-ui/.cache/sketch/sketch/sketch.ino.cpp.o
 .group         0x0000000000000000        0xc /home/arduino/ArduinoApps/uno-q-pin-toggle-ui/.cache/sketch/sketch/sketch.ino.cpp.o
 .group         0x0000000000000000        0x8 /home/arduino/ArduinoApps/uno-q-pin-toggle-ui/.cache/sketch/sketch/sketch.ino.cpp.o
[...]
Memory Configuration

Name             Origin             Length             Attributes
*default*        0x0000000000000000 0xffffffffffffffff

Linker script and memory map

LOAD /home/arduino/.arduino15/packages/zephyr/tools/arm-zephyr-eabi/0.16.8/bin/../lib/gcc/../../picolibc/arm-zephyr-eabi/lib/thumb/v8-m.main+fp/hard/libstdc++.a
LOAD /home/arduino/.arduino15/packages/zephyr/tools/arm-zephyr-eabi/0.16.8/bin/../lib/gcc/../../picolibc/arm-zephyr-eabi/lib/thumb/v8-m.main+fp/hard/libsupc++.a
LOAD /home/arduino/.arduino15/packages/zephyr/tools/arm-zephyr-eabi/0.16.8/bin/../lib/gcc/arm-zephyr-eabi/12.2.0/../../../../arm-zephyr-eabi/lib/thumb/v8-m.main+fp/hard/libnosys.a
LOAD /home/arduino/ArduinoApps/uno-q-pin-toggle-ui/.cache/sketch/sketch/sketch.ino.cpp.o
LOAD /home/arduino/ArduinoApps/uno-q-pin-toggle-ui/.cache/sketch/core/analogReference.cpp.o
START GROUP
LOAD /home/arduino/ArduinoApps/uno-q-pin-toggle-ui/.cache/sketch/core/core.a
LOAD /home/arduino/.arduino15/packages/zephyr/tools/arm-zephyr-eabi/0.16.8/bin/../lib/gcc/../../picolibc/arm-zephyr-eabi/lib/thumb/v8-m.main+fp/hard/libstdc++.a
LOAD /home/arduino/.arduino15/packages/zephyr/tools/arm-zephyr-eabi/0.16.8/bin/../lib/gcc/../../picolibc/arm-zephyr-eabi/lib/thumb/v8-m.main+fp/hard/libsupc++.a
END GROUP

/DISCARD/
 *(.ARM.attributes)
 *(.ARM.attributes.*)
 *(.ARM.exidx)
 *(.ARM.exidx.*)
 *(.ARM.extidx)
 *(.ARM.extidx.*)
 *(.ARM.extab)
 *(.ARM.extab.*)
 *(.comment)
 *(.comment.*)
 *(.llvmbc)
 *(.llvmcmd)
 *(.eh_frame)
 *stdexcept.o()
 *eh_*.o()
 *cow-stdexcept.o()
 *functexcept.o()
 *cow-string-inst.o()

.text           0x0000000000000000     0x47f8
 *(.text)
 *(.stub)
 *(.text*)
 .text._ZN7arduino5Print17availableForWriteEv
                0x0000000000000000        0x4 /home/arduino/ArduinoApps/uno-q-pin-toggle-ui/.cache/sketch/sketch/sketch.ino.cpp.o
                0x0000000000000000                arduino::Print::availableForWrite()
 .text._ZN7arduino5Print5flushEv
                0x0000000000000004        0x2 /home/arduino/ArduinoApps/uno-q-pin-toggle-ui/.cache/sketch/sketch/sketch.ino.cpp.o
                0x0000000000000004                arduino::Print::flush()
 .text._ZN15SerialTransport9availableEv
                0x0000000000000006       0x12 /home/arduino/ArduinoApps/uno-q-pin-toggle-ui/.cache/sketch/sketch/sketch.ino.cpp.o
                0x0000000000000006                SerialTransport::available()
 .text._ZN15SerialTransport5writeEPKhj
                0x0000000000000018       0x10 /home/arduino/ArduinoApps/uno-q-pin-toggle-ui/.cache/sketch/sketch/sketch.ino.cpp.o
                0x0000000000000018                SerialTransport::write(unsigned char const*, unsigned int)
 .text._ZN15SerialTransportD2Ev
                0x0000000000000028        0x2 /home/arduino/ArduinoApps/uno-q-pin-toggle-ui/.cache/sketch/sketch/sketch.ino.cpp.o
                0x0000000000000028                SerialTransport::~SerialTransport()
                0x0000000000000028                SerialTransport::~SerialTransport()
 .text._ZN13BridgeMonitorILj512EE5writeEh
                0x000000000000002a       0x18 /home/arduino/ArduinoApps/uno-q-pin-toggle-ui/.cache/sketch/sketch/sketch.ino.cpp.o
                0x000000000000002a                BridgeMonitor<512u>::write(unsigned char)
 *fill*         0x0000000000000042        0x2 
 .text.k_yield  0x0000000000000044        0x8 /home/arduino/ArduinoApps/uno-q-pin-toggle-ui/.cache/sketch/sketch/sketch.ino.cpp.o
 .text.__tcf_1  0x000000000000004c       0x10 /home/arduino/ArduinoApps/uno-q-pin-toggle-ui/.cache/sketch/sketch/sketch.ino.cpp.o
 .text._ZN15SerialTransportD0Ev
                0x000000000000005c       0x14 /home/arduino/ArduinoApps/uno-q-pin-toggle-ui/.cache/sketch/sketch/sketch.ino.cpp.o
                0x000000000000005c                SerialTransport::~SerialTransport()
 .text._ZN15SerialTransport4readEPhj
                0x0000000000000070       0x28 /home/arduino/ArduinoApps/uno-q-pin-toggle-ui/.cache/sketch/sketch/sketch.ino.cpp.o
                0x0000000000000070                SerialTransport::read(unsigned char*, unsigned int)
 .text._ZN15SerialTransport9read_byteERh
                0x0000000000000098       0x20 /home/arduino/ArduinoApps/uno-q-pin-toggle-ui/.cache/sketch/sketch/sketch.ino.cpp.o
                0x0000000000000098                SerialTransport::read_byte(unsigned char&)
 .text.k_mutex_lock
                0x00000000000000b8        0x8 /home/arduino/ArduinoApps/uno-q-pin-toggle-ui/.cache/sketch/sketch/sketch.ino.cpp.o
 .text._Z15set_pin_by_nameN7arduino6StringEb
                0x00000000000000c0       0x44 /home/arduino/ArduinoApps/uno-q-pin-toggle-ui/.cache/sketch/sketch/sketch.ino.cpp.o
                0x00000000000000c0                set_pin_by_name(arduino::String, bool)
 .text._ZNSt17_Function_handlerIFvN7arduino6StringEbEPS2_E10_M_managerERSt9_Any_dataRKS5_St18_Manager_operation
                0x0000000000000104       0x30 /home/arduino/ArduinoApps/uno-q-pin-toggle-ui/.cache/sketch/sketch/sketch.ino.cpp.o
                0x0000000000000104                std::_Function_handler<void (arduino::String, bool), void (*)(arduino::String, bool)>::_M_manager(std::_Any_data&, std::_Any_data const&, std::_Manager_operation)
 .text._ZNSt17_Function_handlerIFvN7arduino6StringEbEPS2_E9_M_invokeERKSt9_Any_dataOS1_Ob
                0x0000000000000134       0x28 /home/arduino/ArduinoApps/uno-q-pin-toggle-ui/.cache/sketch/sketch/sketch.ino.cpp.o
                0x0000000000000134                std::_Function_handler<void (arduino::String, bool), void (*)(arduino::String, bool)>::_M_invoke(std::_Any_data const&, arduino::String&&, bool&&)
 .text._ZSt14__relocate_a_1IhhENSt9enable_ifIXsrSt24__is_bitwise_relocatableIT_vE5valueEPS2_E4typeES4_S4_S4_RSaIT0_E.isra.0
                0x000000000000015c       0x20 /home/arduino/ArduinoApps/uno-q-pin-toggle-ui/.cache/sketch/sketch/sketch.ino.cpp.o
 .text._ZNSt12_Vector_baseIhSaIhEE11_M_allocateEj.isra.0
                0x000000000000017c       0x20 /home/arduino/ArduinoApps/uno-q-pin-toggle-ui/.cache/sketch/sketch/sketch.ino.cpp.o
 .text.k_mutex_unlock.isra.0
                0x000000000000019c        0x8 /home/arduino/ArduinoApps/uno-q-pin-toggle-ui/.cache/sketch/sketch/sketch.ino.cpp.o
 .text._ZN13BridgeMonitorILj512EE4readEv
                0x00000000000001a4       0x64 /home/arduino/ArduinoApps/uno-q-pin-toggle-ui/.cache/sketch/sketch/sketch.ino.cpp.o
                0x00000000000001a4                BridgeMonitor<512u>::read()
 .text._ZN13BridgeMonitorILj512EE4peekEv
                0x0000000000000208       0x44 /home/arduino/ArduinoApps/uno-q-pin-toggle-ui/.cache/sketch/sketch/sketch.ino.cpp.o
                0x0000000000000208                BridgeMonitor<512u>::peek()
 .text.k_msleep.constprop.0.isra.0
                0x000000000000024c        0xc /home/arduino/ArduinoApps/uno-q-pin-toggle-ui/.cache/sketch/sketch/sketch.ino.cpp.o
 .text._ZNSt14_Function_baseD2Ev
                0x0000000000000258       0x12 /home/arduino/ArduinoApps/uno-q-pin-toggle-ui/.cache/sketch/sketch/sketch.ino.cpp.o
                0x0000000000000258                std::_Function_base::~_Function_base()
                0x0000000000000258                std::_Function_base::~_Function_base()
 *fill*         0x000000000000026a        0x2 
 .text._ZN18RpcFunctionWrapperISt8functionIFvN7arduino6StringEbEEED2Ev
                0x000000000000026c       0x1c /home/arduino/ArduinoApps/uno-q-pin-toggle-ui/.cache/sketch/sketch/sketch.ino.cpp.o
                0x000000000000026c                RpcFunctionWrapper<std::function<void (arduino::String, bool)> >::~RpcFunctionWrapper()
                0x000000000000026c                RpcFunctionWrapper<std::function<void (arduino::String, bool)> >::~RpcFunctionWrapper()
 .text._ZN18RpcFunctionWrapperISt8functionIFvN7arduino6StringEbEEED0Ev
                0x0000000000000288       0x1c /home/arduino/ArduinoApps/uno-q-pin-toggle-ui/.cache/sketch/sketch/sketch.ino.cpp.o
                0x0000000000000288                RpcFunctionWrapper<std::function<void (arduino::String, bool)> >::~RpcFunctionWrapper()
 .text._ZN7arduino7msgpack8Unpacker11deserializeEv
                0x00000000000002a4       0x16 /home/arduino/ArduinoApps/uno-q-pin-toggle-ui/.cache/sketch/sketch/sketch.ino.cpp.o
                0x00000000000002a4                arduino::msgpack::Unpacker::deserialize()
 .text._ZN7arduino7msgpack8Unpacker5clearEv
                0x00000000000002ba       0x14 /home/arduino/ArduinoApps/uno-q-pin-toggle-ui/.cache/sketch/sketch/sketch.ino.cpp.o
                0x00000000000002ba                arduino::msgpack::Unpacker::clear()
 .text._ZNK7arduino7msgpack8Unpacker13getRawBytePtrEjj
                0x00000000000002ce       0x1e /home/arduino/ArduinoApps/uno-q-pin-toggle-ui/.cache/sketch/sketch/sketch.ino.cpp.o
                0x00000000000002ce                arduino::msgpack::Unpacker::getRawBytePtr(unsigned int, unsigned int) const
 .text._ZN8RpcErrorC2Ev
                0x00000000000002ec       0x2c /home/arduino/ArduinoApps/uno-q-pin-toggle-ui/.cache/sketch/sketch/sketch.ino.cpp.o
                0x00000000000002ec                RpcError::RpcError()
                0x00000000000002ec                RpcError::RpcError()
 .text._ZN7arduino7msgpack8UnpackerC2Ev
                0x0000000000000318       0x10 /home/arduino/ArduinoApps/uno-q-pin-toggle-ui/.cache/sketch/sketch/sketch.ino.cpp.o
                0x0000000000000318                arduino::msgpack::Unpacker::Unpacker()
                0x0000000000000318                arduino::msgpack::Unpacker::Unpacker()
 .text._ZN10RPCRequestILj256EEC2Ev
                0x0000000000000328       0x4c /home/arduino/ArduinoApps/uno-q-pin-toggle-ui/.cache/sketch/sketch/sketch.ino.cpp.o
                0x0000000000000328                RPCRequest<256u>::RPCRequest()
                0x0000000000000328                RPCRequest<256u>::RPCRequest()
 .text.loop     0x0000000000000374        0x2 /home/arduino/ArduinoApps/uno-q-pin-toggle-ui/.cache/sketch/sketch/sketch.ino.cpp.o
                0x0000000000000374                loop
 *fill*         0x0000000000000376        0x2 
 .text._ZNSt12_Vector_baseIhSaIhEED2Ev
                0x0000000000000378       0x18 /home/arduino/ArduinoApps/uno-q-pin-toggle-ui/.cache/sketch/sketch/sketch.ino.cpp.o
                0x0000000000000378                std::_Vector_base<unsigned char, std::allocator<unsigned char> >::~_Vector_base()
                0x0000000000000378                std::_Vector_base<unsigned char, std::allocator<unsigned char> >::~_Vector_base()
 .text.__tcf_3  0x0000000000000390       0x14 /home/arduino/ArduinoApps/uno-q-pin-toggle-ui/.cache/sketch/sketch/sketch.ino.cpp.o
 .text.__tcf_2  0x00000000000003a4       0x14 /home/arduino/ArduinoApps/uno-q-pin-toggle-ui/.cache/sketch/sketch/sketch.ino.cpp.o
 .text._ZNSt6vectorIhSaIhEE14_M_move_assignEOS1_St17integral_constantIbLb1EE.isra.0
                0x00000000000003b8       0x34 /home/arduino/ArduinoApps/uno-q-pin-toggle-ui/.cache/sketch/sketch/sketch.ino.cpp.o
 .text._ZNK7arduino7msgpack8Unpacker11getRawBytesIhEET_jj
                0x00000000000003ec       0x1e /home/arduino/ArduinoApps/uno-q-pin-toggle-ui/.cache/sketch/sketch/sketch.ino.cpp.o
                0x00000000000003ec                unsigned char arduino::msgpack::Unpacker::getRawBytes<unsigned char>(unsigned int, unsigned int) const
 *fill*         0x000000000000040a        0x2 
 .text._ZNK7arduino7msgpack8Unpacker7getTypeEj
                0x000000000000040c       0x58 /home/arduino/ArduinoApps/uno-q-pin-toggle-ui/.cache/sketch/sketch/sketch.ino.cpp.o
                0x000000000000040c                arduino::msgpack::Unpacker::getType(unsigned int) const
 .text._ZNK7arduino7msgpack8Unpacker7getTypeEv
                0x0000000000000464       0x10 /home/arduino/ArduinoApps/uno-q-pin-toggle-ui/.cache/sketch/sketch/sketch.ino.cpp.o
                0x0000000000000464                arduino::msgpack::Unpacker::getType() const
 .text._ZN7arduino7msgpack8Unpacker11unpackInt32Ev
                0x0000000000000474       0x58 /home/arduino/ArduinoApps/uno-q-pin-toggle-ui/.cache/sketch/sketch/sketch.ino.cpp.o
                0x0000000000000474                arduino::msgpack::Unpacker::unpackInt32()
 .text._ZN7arduino7msgpack8Unpacker11unpackInt64Ev
                0x00000000000004cc       0x60 /home/arduino/ArduinoApps/uno-q-pin-toggle-ui/.cache/sketch/sketch/sketch.ino.cpp.o
                0x00000000000004cc                arduino::msgpack::Unpacker::unpackInt64()
 .text._ZN7arduino7msgpack8Unpacker9unpackNilEv
                0x000000000000052c       0x3c /home/arduino/ArduinoApps/uno-q-pin-toggle-ui/.cache/sketch/sketch/sketch.ino.cpp.o
                0x000000000000052c                arduino::msgpack::Unpacker::unpackNil()
 .text._ZNK7arduino7msgpack8Unpacker7isArrayEv
                0x0000000000000568       0x20 /home/arduino/ArduinoApps/uno-q-pin-toggle-ui/.cache/sketch/sketch/sketch.ino.cpp.o
                0x0000000000000568                arduino::msgpack::Unpacker::isArray() const
 .text._ZNK7arduino7msgpack8Unpacker5isStrEv
                0x0000000000000588       0x20 /home/arduino/ArduinoApps/uno-q-pin-toggle-ui/.cache/sketch/sketch/sketch.ino.cpp.o
                0x0000000000000588                arduino::msgpack::Unpacker::isStr() const
 .text._ZNK7arduino7msgpack8Unpacker5isMapEv
                0x00000000000005a8       0x20 /home/arduino/ArduinoApps/uno-q-pin-toggle-ui/.cache/sketch/sketch/sketch.ino.cpp.o
                0x00000000000005a8                arduino::msgpack::Unpacker::isMap() const
 .text._ZNK7arduino7msgpack8Unpacker5isIntEv
                0x00000000000005c8       0x20 /home/arduino/ArduinoApps/uno-q-pin-toggle-ui/.cache/sketch/sketch/sketch.ino.cpp.o
                0x00000000000005c8                arduino::msgpack::Unpacker::isInt() const
 .text._ZNK7arduino7msgpack8Unpacker6isUIntEv
                0x00000000000005e8       0x20 /home/arduino/ArduinoApps/uno-q-pin-toggle-ui/.cache/sketch/sketch/sketch.ino.cpp.o
                0x00000000000005e8                arduino::msgpack::Unpacker::isUInt() const
 .text._ZN7arduino7msgpack8Unpacker11unpackInt16Ev
                0x0000000000000608       0x4c /home/arduino/ArduinoApps/uno-q-pin-toggle-ui/.cache/sketch/sketch/sketch.ino.cpp.o
                0x0000000000000608                arduino::msgpack::Unpacker::unpackInt16()
 .text._ZN7arduino7msgpack8Unpacker13unpackFloat32Ev
                0x0000000000000654       0x60 /home/arduino/ArduinoApps/uno-q-pin-toggle-ui/.cache/sketch/sketch/sketch.ino.cpp.o
                0x0000000000000654                arduino::msgpack::Unpacker::unpackFloat32()
 *fill*         0x00000000000006b4        0x4 
 .text._ZN7arduino7msgpack8Unpacker13unpackFloat64Ev
                0x00000000000006b8       0x6c /home/arduino/ArduinoApps/uno-q-pin-toggle-ui/.cache/sketch/sketch/sketch.ino.cpp.o
                0x00000000000006b8                arduino::msgpack::Unpacker::unpackFloat64()
 .text._ZN7arduino7msgpack8Unpacker10unpackInt5Ev
                0x0000000000000724       0x4c /home/arduino/ArduinoApps/uno-q-pin-toggle-ui/.cache/sketch/sketch/sketch.ino.cpp.o
                0x0000000000000724                arduino::msgpack::Unpacker::unpackInt5()
 .text._ZN7arduino7msgpack8Unpacker11unpackUInt7Ev
                0x0000000000000770       0x48 /home/arduino/ArduinoApps/uno-q-pin-toggle-ui/.cache/sketch/sketch/sketch.ino.cpp.o
                0x0000000000000770                arduino::msgpack::Unpacker::unpackUInt7()
 .text._ZN7arduino7msgpack8Unpacker11unpackUInt8Ev
                0x00000000000007b8       0x48 /home/arduino/ArduinoApps/uno-q-pin-toggle-ui/.cache/sketch/sketch/sketch.ino.cpp.o
                0x00000000000007b8                arduino::msgpack::Unpacker::unpackUInt8()
 .text._ZNK7arduino7msgpack8Unpacker11getRawBytesItEET_jj
                0x0000000000000800       0x26 /home/arduino/ArduinoApps/uno-q-pin-toggle-ui/.cache/sketch/sketch/sketch.ino.cpp.o
                0x0000000000000800                unsigned short arduino::msgpack::Unpacker::getRawBytes<unsigned short>(unsigned int, unsigned int) const
 *fill*         0x0000000000000826        0x2 
 .text._ZN7arduino7msgpack8Unpacker12unpackUInt16Ev
                0x0000000000000828       0x48 /home/arduino/ArduinoApps/uno-q-pin-toggle-ui/.cache/sketch/sketch/sketch.ino.cpp.o
                0x0000000000000828                arduino::msgpack::Unpacker::unpackUInt16()
 .text._ZNK7arduino7msgpack8Unpacker11getRawBytesIjEET_jj
                0x0000000000000870       0x34 /home/arduino/ArduinoApps/uno-q-pin-toggle-ui/.cache/sketch/sketch/sketch.ino.cpp.o
                0x0000000000000870                unsigned int arduino::msgpack::Unpacker::getRawBytes<unsigned int>(unsigned int, unsigned int) const
 .text._ZNK7arduino7msgpack8Unpacker14getElementSizeEj
                0x00000000000008a4      0x11c /home/arduino/ArduinoApps/uno-q-pin-toggle-ui/.cache/sketch/sketch/sketch.ino.cpp.o
                0x00000000000008a4                arduino::msgpack::Unpacker::getElementSize(unsigned int) const
 .text._ZN7arduino7msgpack8Unpacker15unpackArraySizeEv
                0x00000000000009c0       0x78 /home/arduino/ArduinoApps/uno-q-pin-toggle-ui/.cache/sketch/sketch/sketch.ino.cpp.o
                0x00000000000009c0                arduino::msgpack::Unpacker::unpackArraySize()
 .text._ZN7arduino7msgpack8Unpacker11deserializeINS0_4type9ArraySizeEJEEEbRT_DpOT0_.isra.0
                0x0000000000000a38       0x40 /home/arduino/ArduinoApps/uno-q-pin-toggle-ui/.cache/sketch/sketch/sketch.ino.cpp.o
 .text._ZN7arduino7msgpack8Unpacker12unpackUInt32Ev
                0x0000000000000a78       0x48 /home/arduino/ArduinoApps/uno-q-pin-toggle-ui/.cache/sketch/sketch/sketch.ino.cpp.o
                0x0000000000000a78                arduino::msgpack::Unpacker::unpackUInt32()
 .text._ZN7arduino7msgpack8Unpacker13unpackMapSizeEv
                0x0000000000000ac0       0x78 /home/arduino/ArduinoApps/uno-q-pin-toggle-ui/.cache/sketch/sketch/sketch.ino.cpp.o
                0x0000000000000ac0                arduino::msgpack::Unpacker::unpackMapSize()
 .text._ZNK7arduino7msgpack8Unpacker11getRawBytesIyEET_jj
                0x0000000000000b38       0x3a /home/arduino/ArduinoApps/uno-q-pin-toggle-ui/.cache/sketch/sketch/sketch.ino.cpp.o
                0x0000000000000b38                unsigned long long arduino::msgpack::Unpacker::getRawBytes<unsigned long long>(unsigned int, unsigned int) const
 *fill*         0x0000000000000b72        0x2 
 .text._ZN7arduino7msgpack8Unpacker12unpackUInt64Ev
                0x0000000000000b74       0x4c /home/arduino/ArduinoApps/uno-q-pin-toggle-ui/.cache/sketch/sketch/sketch.ino.cpp.o
                0x0000000000000b74                arduino::msgpack::Unpacker::unpackUInt64()
 .text._ZNK7arduino7msgpack8Unpacker11getRawBytesIaEET_jj
                0x0000000000000bc0       0x1e /home/arduino/ArduinoApps/uno-q-pin-toggle-ui/.cache/sketch/sketch/sketch.ino.cpp.o
                0x0000000000000bc0                signed char arduino::msgpack::Unpacker::getRawBytes<signed char>(unsigned int, unsigned int) const
 *fill*         0x0000000000000bde        0x2 
 .text._ZN7arduino7msgpack8Unpacker10unpackInt8Ev
                0x0000000000000be0       0x48 /home/arduino/ArduinoApps/uno-q-pin-toggle-ui/.cache/sketch/sketch/sketch.ino.cpp.o
                0x0000000000000be0                arduino::msgpack::Unpacker::unpackInt8()
 .text._ZNK7arduino7msgpack8Unpacker13isTimestamp32Ev
                0x0000000000000c28       0x2c /home/arduino/ArduinoApps/uno-q-pin-toggle-ui/.cache/sketch/sketch/sketch.ino.cpp.o
                0x0000000000000c28                arduino::msgpack::Unpacker::isTimestamp32() const
 .text._ZNK7arduino7msgpack8Unpacker13isTimestamp64Ev
                0x0000000000000c54       0x2c /home/arduino/ArduinoApps/uno-q-pin-toggle-ui/.cache/sketch/sketch/sketch.ino.cpp.o
                0x0000000000000c54                arduino::msgpack::Unpacker::isTimestamp64() const
 .text._ZNK7arduino7msgpack8Unpacker13isTimestamp96Ev
                0x0000000000000c80       0x40 /home/arduino/ArduinoApps/uno-q-pin-toggle-ui/.cache/sketch/sketch/sketch.ino.cpp.o
                0x0000000000000c80                arduino::msgpack::Unpacker::isTimestamp96() const
 .text._ZNK7arduino7msgpack8Unpacker11getRawBytesIcEET_jj
                0x0000000000000cc0       0x1e /home/arduino/ArduinoApps/uno-q-pin-toggle-ui/.cache/sketch/sketch/sketch.ino.cpp.o
                0x0000000000000cc0                char arduino::msgpack::Unpacker::getRawBytes<char>(unsigned int, unsigned int) const
 *fill*         0x0000000000000cde        0x2 
 .text._ZN7arduino7msgpack8Unpacker11deserializeINS0_6object5nil_tEJEEEbRT_DpOT0_
                0x0000000000000ce0       0x40 /home/arduino/ArduinoApps/uno-q-pin-toggle-ui/.cache/sketch/sketch/sketch.ino.cpp.o
                0x0000000000000ce0                bool arduino::msgpack::Unpacker::deserialize<arduino::msgpack::object::nil_t>(arduino::msgpack::object::nil_t&)
 .text._ZN7arduino7msgpack8Unpacker11deserializeIbJEEEbRT_DpOT0_
                0x0000000000000d20       0x68 /home/arduino/ArduinoApps/uno-q-pin-toggle-ui/.cache/sketch/sketch/sketch.ino.cpp.o
                0x0000000000000d20                bool arduino::msgpack::Unpacker::deserialize<bool>(bool&)
 .text._ZN7arduino7msgpack8Unpacker11deserializeINS_6StringEJEEEbRT_DpOT0_
                0x0000000000000d88      0x174 /home/arduino/ArduinoApps/uno-q-pin-toggle-ui/.cache/sketch/sketch/sketch.ino.cpp.o
                0x0000000000000d88                bool arduino::msgpack::Unpacker::deserialize<arduino::String>(arduino::String&)
 .text._ZN7arduino7msgpack8Unpacker11deserializeINS0_6object8timespecEJEEEbRT_DpOT0_
                0x0000000000000efc       0xc4 /home/arduino/ArduinoApps/uno-q-pin-toggle-ui/.cache/sketch/sketch/sketch.ino.cpp.o
                0x0000000000000efc                bool arduino::msgpack::Unpacker::deserialize<arduino::msgpack::object::timespec>(arduino::msgpack::object::timespec&)
 .text._ZN17RpcDecoderManagerILj3EE10getDecoderER10ITransport
                0x0000000000000fc0       0x74 /home/arduino/ArduinoApps/uno-q-pin-toggle-ui/.cache/sketch/sketch/sketch.ino.cpp.o
                0x0000000000000fc0                RpcDecoderManager<3u>::getDecoder(ITransport&)
 .text._ZNSt12_Vector_baseIjSaIjEED2Ev
                0x0000000000001034       0x18 /home/arduino/ArduinoApps/uno-q-pin-toggle-ui/.cache/sketch/sketch/sketch.ino.cpp.o
                0x0000000000001034                std::_Vector_base<unsigned int, std::allocator<unsigned int> >::~_Vector_base()
                0x0000000000001034                std::_Vector_base<unsigned int, std::allocator<unsigned int> >::~_Vector_base()
 .text._ZN10RPCRequestILj256EED2Ev
                0x000000000000104c       0x2c /home/arduino/ArduinoApps/uno-q-pin-toggle-ui/.cache/sketch/sketch/sketch.ino.cpp.o
                0x000000000000104c                RPCRequest<256u>::~RPCRequest()
                0x000000000000104c                RPCRequest<256u>::~RPCRequest()
 .text._ZNSt6vectorIjSaIjEE17_M_realloc_insertIJRjEEEvN9__gnu_cxx17__normal_iteratorIPjS1_EEDpOT_
                0x0000000000001078       0xdc /home/arduino/ArduinoApps/uno-q-pin-toggle-ui/.cache/sketch/sketch/sketch.ino.cpp.o
                0x0000000000001078                void std::vector<unsigned int, std::allocator<unsigned int> >::_M_realloc_insert<unsigned int&>(__gnu_cxx::__normal_iterator<unsigned int*, std::vector<unsigned int, std::allocator<unsigned int> > >, unsigned int&)
 .text._ZN7arduino7msgpack8Unpacker4feedEPKhj
                0x0000000000001154       0x78 /home/arduino/ArduinoApps/uno-q-pin-toggle-ui/.cache/sketch/sketch/sketch.ino.cpp.o
                0x0000000000001154                arduino::msgpack::Unpacker::feed(unsigned char const*, unsigned int)
 .text._ZNKSt6vectorIhSaIhEE12_M_check_lenEjPKc
                0x00000000000011cc       0x38 /home/arduino/ArduinoApps/uno-q-pin-toggle-ui/.cache/sketch/sketch/sketch.ino.cpp.o
                0x00000000000011cc                std::vector<unsigned char, std::allocator<unsigned char> >::_M_check_len(unsigned int, char const*) const
 .text._ZNSt6vectorIhSaIhEE12emplace_backIJRKhEEERhDpOT_.isra.0
                0x0000000000001204       0x90 /home/arduino/ArduinoApps/uno-q-pin-toggle-ui/.cache/sketch/sketch/sketch.ino.cpp.o
 .text._ZNSt6vectorIhSaIhEE12emplace_backIJhEEERhDpOT_.isra.0
                0x0000000000001294       0x90 /home/arduino/ArduinoApps/uno-q-pin-toggle-ui/.cache/sketch/sketch/sketch.ino.cpp.o
 .text._ZN7arduino7msgpack8Unpacker11deserializeISt6vectorIhSaIhEEJEEEbRT_DpOT0_
                0x0000000000001324      0x13c /home/arduino/ArduinoApps/uno-q-pin-toggle-ui/.cache/sketch/sketch/sketch.ino.cpp.o
                0x0000000000001324                bool arduino::msgpack::Unpacker::deserialize<std::vector<unsigned char, std::allocator<unsigned char> >>(std::vector<unsigned char, std::allocator<unsigned char> >&)
 .text._ZN7arduino7msgpack6Packer11packRawByteERKNS0_4TypeE.isra.0
                0x0000000000001460       0x18 /home/arduino/ArduinoApps/uno-q-pin-toggle-ui/.cache/sketch/sketch/sketch.ino.cpp.o
 .text._ZN7arduino7msgpack6Packer7packNilEv
                0x0000000000001478       0x18 /home/arduino/ArduinoApps/uno-q-pin-toggle-ui/.cache/sketch/sketch/sketch.ino.cpp.o
                0x0000000000001478                arduino::msgpack::Packer::packNil()
 .text._ZN7arduino7msgpack6Packer9packUInt8Eh
                0x0000000000001490       0x2c /home/arduino/ArduinoApps/uno-q-pin-toggle-ui/.cache/sketch/sketch/sketch.ino.cpp.o
                0x0000000000001490                arduino::msgpack::Packer::packUInt8(unsigned char)
 .text._ZNSt6vectorIhSaIhEE12emplace_backIJRhEEES3_DpOT_.isra.0
                0x00000000000014bc       0x90 /home/arduino/ArduinoApps/uno-q-pin-toggle-ui/.cache/sketch/sketch/sketch.ino.cpp.o
 .text._ZN7arduino7msgpack6Packer15packRawReversedIjEEvRKT_
                0x000000000000154c       0x1c /home/arduino/ArduinoApps/uno-q-pin-toggle-ui/.cache/sketch/sketch/sketch.ino.cpp.o
                0x000000000000154c                void arduino::msgpack::Packer::packRawReversed<unsigned int>(unsigned int const&)
 .text._ZN7arduino7msgpack6Packer10packUInt32Ej
                0x0000000000001568       0x28 /home/arduino/ArduinoApps/uno-q-pin-toggle-ui/.cache/sketch/sketch/sketch.ino.cpp.o
                0x0000000000001568                arduino::msgpack::Packer::packUInt32(unsigned int)
 .text._ZN7arduino7msgpack6Packer15packRawReversedItEEvRKT_
                0x0000000000001590       0x1c /home/arduino/ArduinoApps/uno-q-pin-toggle-ui/.cache/sketch/sketch/sketch.ino.cpp.o
                0x0000000000001590                void arduino::msgpack::Packer::packRawReversed<unsigned short>(unsigned short const&)
 .text._ZN7arduino7msgpack6Packer13packArraySizeEj
                0x00000000000015ac       0x58 /home/arduino/ArduinoApps/uno-q-pin-toggle-ui/.cache/sketch/sketch/sketch.ino.cpp.o
                0x00000000000015ac                arduino::msgpack::Packer::packArraySize(unsigned int)
 .text._ZN7arduino7msgpack6Packer10packUInt16Et
                0x0000000000001604       0x2c /home/arduino/ArduinoApps/uno-q-pin-toggle-ui/.cache/sketch/sketch/sketch.ino.cpp.o
                0x0000000000001604                arduino::msgpack::Packer::packUInt16(unsigned short)
 .text._ZN7arduino7msgpack6Packer11packIntegerIjEENSt9enable_ifIXaaaaaasrSt13is_arithmeticIT_E5valuesrSt11is_integralIS5_E5valuentsrSt7is_sameIS5_bE5valuentsrS9_INSt9remove_cvIS5_E4typeEPcE5valueEvE4typeERKS5_.isra.0
                0x0000000000001630       0x50 /home/arduino/ArduinoApps/uno-q-pin-toggle-ui/.cache/sketch/sketch/sketch.ino.cpp.o
 .text._ZN7arduino7msgpack6Packer11packIntegerIiEENSt9enable_ifIXaaaaaasrSt13is_arithmeticIT_E5valuesrSt11is_integralIS5_E5valuentsrSt7is_sameIS5_bE5valuentsrS9_INSt9remove_cvIS5_E4typeEPcE5valueEvE4typeERKS5_.isra.0
                0x0000000000001680       0xb8 /home/arduino/ArduinoApps/uno-q-pin-toggle-ui/.cache/sketch/sketch/sketch.ino.cpp.o
 .text._ZN7arduino7msgpack6Packer12packRawBytesEPKcj
                0x0000000000001738       0x9c /home/arduino/ArduinoApps/uno-q-pin-toggle-ui/.cache/sketch/sketch/sketch.ino.cpp.o
                0x0000000000001738                arduino::msgpack::Packer::packRawBytes(char const*, unsigned int)
 .text._ZN7arduino7msgpack6Packer4packERKNS_6StringE
                0x00000000000017d4       0x7c /home/arduino/ArduinoApps/uno-q-pin-toggle-ui/.cache/sketch/sketch/sketch.ino.cpp.o
                0x00000000000017d4                arduino::msgpack::Packer::pack(arduino::String const&)
 .text._ZN7arduino7msgpack6Packer9serializeIJRKiRjRKNS_6StringEEEEvRKNS0_4type9ArraySizeEDpOT_.isra.0
                0x0000000000001850       0x38 /home/arduino/ArduinoApps/uno-q-pin-toggle-ui/.cache/sketch/sketch/sketch.ino.cpp.o
 .text._ZN7arduino7msgpack6Packer9serializeI8RpcErrorJRNS0_6object5nil_tEEEENSt9enable_ifIXoooontsrSt10is_pointerIT_E5valuesrSt7is_sameIS9_PKcE5valuesrSB_IS9_PKNS_19__FlashStringHelperEE5valueEvE4typeERKS9_DpOT0_.isra.0
                0x0000000000001888       0x38 /home/arduino/ArduinoApps/uno-q-pin-toggle-ui/.cache/sketch/sketch/sketch.ino.cpp.o
 .text._ZN7arduino7msgpack8Unpacker9unpackIntIiEENSt9enable_ifIXaaaaaaaasrSt13is_arithmeticIT_E5valuesrSt11is_integralIS5_E5valuentsrSt7is_sameIS5_bE5valuentsrS9_INSt9remove_cvIS5_E4typeEPcE5valuesrSt9is_signedIS5_E5valueES5_E4typeEv
                0x00000000000018c0       0xd0 /home/arduino/ArduinoApps/uno-q-pin-toggle-ui/.cache/sketch/sketch/sketch.ino.cpp.o
                0x00000000000018c0                std::enable_if<(((std::is_arithmetic<int>::value&&std::is_integral<int>::value)&&(!std::is_same<int, bool>::value))&&(!std::is_same<std::remove_cv<int>::type, char*>::value))&&std::is_signed<int>::value, int>::type arduino::msgpack::Unpacker::unpackInt<int>()
 .text._ZN7arduino7msgpack8Unpacker11deserializeIiJEEEbRT_DpOT0_
                0x0000000000001990       0x40 /home/arduino/ArduinoApps/uno-q-pin-toggle-ui/.cache/sketch/sketch/sketch.ino.cpp.o
                0x0000000000001990                bool arduino::msgpack::Unpacker::deserialize<int>(int&)
 .text._ZN7arduino7msgpack8Unpacker11unpackFloatIfEENSt9enable_ifIXaasrSt13is_arithmeticIT_E5valuesrSt17is_floating_pointIS5_E5valueES5_E4typeEv
                0x00000000000019d0      0x118 /home/arduino/ArduinoApps/uno-q-pin-toggle-ui/.cache/sketch/sketch/sketch.ino.cpp.o
                0x00000000000019d0                std::enable_if<std::is_arithmetic<float>::value&&std::is_floating_point<float>::value, float>::type arduino::msgpack::Unpacker::unpackFloat<float>()
 .text._ZN7arduino7msgpack8Unpacker11unpackFloatIdEENSt9enable_ifIXaasrSt13is_arithmeticIT_E5valuesrSt17is_floating_pointIS5_E5valueES5_E4typeEv
                0x0000000000001ae8      0x118 /home/arduino/ArduinoApps/uno-q-pin-toggle-ui/.cache/sketch/sketch/sketch.ino.cpp.o
                0x0000000000001ae8                std::enable_if<std::is_arithmetic<double>::value&&std::is_floating_point<double>::value, double>::type arduino::msgpack::Unpacker::unpackFloat<double>()
 .text._ZN7arduino7msgpack8Unpacker11deserializeINS0_4type9ArraySizeEJRiEEEbRT_DpOT0_
                0x0000000000001c00       0x44 /home/arduino/ArduinoApps/uno-q-pin-toggle-ui/.cache/sketch/sketch/sketch.ino.cpp.o
                0x0000000000001c00                bool arduino::msgpack::Unpacker::deserialize<arduino::msgpack::type::ArraySize, int&>(arduino::msgpack::type::ArraySize&, int&)
 .text._ZNK10RpcDecoderILj1024EE4sendEPKhj
                0x0000000000001c44       0x22 /home/arduino/ArduinoApps/uno-q-pin-toggle-ui/.cache/sketch/sketch/sketch.ino.cpp.o
                0x0000000000001c44                RpcDecoder<1024u>::send(unsigned char const*, unsigned int) const
 *fill*         0x0000000000001c66        0x2 
 .text._ZN9RPCClient8send_rpcIJRKN7arduino6StringEEEEbS4_RjDpOT_.isra.0
                0x0000000000001c68       0x84 /home/arduino/ArduinoApps/uno-q-pin-toggle-ui/.cache/sketch/sketch/sketch.ino.cpp.o
 .text._ZN9RPCClient8send_rpcIJEEEbRKN7arduino6StringERjDpOT_.isra.0
                0x0000000000001cec       0x74 /home/arduino/ArduinoApps/uno-q-pin-toggle-ui/.cache/sketch/sketch/sketch.ino.cpp.o
 .text._ZN9RPCClient8send_rpcIJRKjEEEbRKN7arduino6StringERjDpOT_.isra.0
                0x0000000000001d60       0x84 /home/arduino/ArduinoApps/uno-q-pin-toggle-ui/.cache/sketch/sketch/sketch.ino.cpp.o
 .text._ZNK9RPCServer13send_responseILj256EEEbRK10RPCRequestIXT_EE.isra.0
                0x0000000000001de4       0x24 /home/arduino/ArduinoApps/uno-q-pin-toggle-ui/.cache/sketch/sketch/sketch.ino.cpp.o
 .text._ZN10RpcDecoderILj1024EE7consumeEjj
                0x0000000000001e08       0x36 /home/arduino/ArduinoApps/uno-q-pin-toggle-ui/.cache/sketch/sketch/sketch.ino.cpp.o
                0x0000000000001e08                RpcDecoder<1024u>::consume(unsigned int, unsigned int)
 *fill*         0x0000000000001e3e        0x2 
 .text._ZN10RpcDecoderILj1024EE7discardEv
                0x0000000000001e40       0x2c /home/arduino/ArduinoApps/uno-q-pin-toggle-ui/.cache/sketch/sketch/sketch.ino.cpp.o
                0x0000000000001e40                RpcDecoder<1024u>::discard()
 .text._ZN7arduino7msgpack8Unpacker11deserializeI8RpcErrorJRNS0_6object5nil_tEEEEbRT_DpOT0_
                0x0000000000001e6c       0x90 /home/arduino/ArduinoApps/uno-q-pin-toggle-ui/.cache/sketch/sketch/sketch.ino.cpp.o
                0x0000000000001e6c                bool arduino::msgpack::Unpacker::deserialize<RpcError, arduino::msgpack::object::nil_t&>(RpcError&, arduino::msgpack::object::nil_t&)
 .text._Z4wrapIRFvN7arduino6StringEbESt8functionIS2_EEP18RpcFunctionWrapperIT0_EOT_
                0x0000000000001efc       0x6c /home/arduino/ArduinoApps/uno-q-pin-toggle-ui/.cache/sketch/sketch/sketch.ino.cpp.o
                0x0000000000001efc                RpcFunctionWrapper<std::function<void (arduino::String, bool)> >* wrap<void (&)(arduino::String, bool), std::function<void (arduino::String, bool)> >(void (&)(arduino::String, bool))
 .text._ZN7arduino7msgpack8Unpacker10unpackUIntIjEENSt9enable_ifIXaaaaaaaasrSt13is_arithmeticIT_E5valuesrSt11is_integralIS5_E5valuentsrSt7is_sameIS5_bE5valuentsrS9_INSt9remove_cvIS5_E4typeEPcE5valuentsrSt9is_signedIS5_E5valueES5_E4typeEv
                0x0000000000001f68       0x80 /home/arduino/ArduinoApps/uno-q-pin-toggle-ui/.cache/sketch/sketch/sketch.ino.cpp.o
                0x0000000000001f68                std::enable_if<(((std::is_arithmetic<unsigned int>::value&&std::is_integral<unsigned int>::value)&&(!std::is_same<unsigned int, bool>::value))&&(!std::is_same<std::remove_cv<unsigned int>::type, char*>::value))&&(!std::is_signed<unsigned int>::value), unsigned int>::type arduino::msgpack::Unpacker::unpackUInt<unsigned int>()
 .text._ZN7arduino7msgpack8Unpacker11deserializeIjJRNS_6StringEEEEbRT_DpOT0_
                0x0000000000001fe8       0x44 /home/arduino/ArduinoApps/uno-q-pin-toggle-ui/.cache/sketch/sketch/sketch.ino.cpp.o
                0x0000000000001fe8                bool arduino::msgpack::Unpacker::deserialize<unsigned int, arduino::String&>(unsigned int&, arduino::String&)
 .text._ZN10RpcDecoderILj1024EE16fetch_rpc_methodEv
                0x000000000000202c       0xe8 /home/arduino/ArduinoApps/uno-q-pin-toggle-ui/.cache/sketch/sketch/sketch.ino.cpp.o
                0x000000000000202c                RpcDecoder<1024u>::fetch_rpc_method()
 .text._ZN10RPCRequestILj256EE22unpack_request_headersEv
                0x0000000000002114       0xb8 /home/arduino/ArduinoApps/uno-q-pin-toggle-ui/.cache/sketch/sketch/sketch.ino.cpp.o
                0x0000000000002114                RPCRequest<256u>::unpack_request_headers()
 .text._ZN9RPCServer15process_requestILj256EEEvR10RPCRequestIXT_EE
                0x00000000000021cc      0x114 /home/arduino/ArduinoApps/uno-q-pin-toggle-ui/.cache/sketch/sketch/sketch.ino.cpp.o
                0x00000000000021cc                void RPCServer::process_request<256u>(RPCRequest<256u>&)
 .text._ZN7arduino7msgpack8Unpacker11deserializeIjJEEEbRT_DpOT0_
                0x00000000000022e0       0x40 /home/arduino/ArduinoApps/uno-q-pin-toggle-ui/.cache/sketch/sketch/sketch.ino.cpp.o
                0x00000000000022e0                bool arduino::msgpack::Unpacker::deserialize<unsigned int>(unsigned int&)
 .text._ZN7arduino7msgpack8Unpacker11deserializeINS0_4type9ArraySizeEJRiRjEEEbRT_DpOT0_
                0x0000000000002320       0x78 /home/arduino/ArduinoApps/uno-q-pin-toggle-ui/.cache/sketch/sketch/sketch.ino.cpp.o
                0x0000000000002320                bool arduino::msgpack::Unpacker::deserialize<arduino::msgpack::type::ArraySize, int&, unsigned int&>(arduino::msgpack::type::ArraySize&, int&, unsigned int&)
 .text._ZN10RpcDecoderILj1024EE12get_responseIN7arduino7msgpack6object5nil_tEEEbjRT_R8RpcError
                0x0000000000002398      0x168 /home/arduino/ArduinoApps/uno-q-pin-toggle-ui/.cache/sketch/sketch/sketch.ino.cpp.o
                0x0000000000002398                bool RpcDecoder<1024u>::get_response<arduino::msgpack::object::nil_t>(unsigned int, arduino::msgpack::object::nil_t&, RpcError&)
 .text._ZN10RpcDecoderILj1024EE12get_responseIbEEbjRT_R8RpcError
                0x0000000000002500      0x168 /home/arduino/ArduinoApps/uno-q-pin-toggle-ui/.cache/sketch/sketch/sketch.ino.cpp.o
                0x0000000000002500                bool RpcDecoder<1024u>::get_response<bool>(unsigned int, bool&, RpcError&)
 .text._ZNSt11__copy_moveILb0ELb1ESt26random_access_iterator_tagE8__copy_mIhEEPT_PKS3_S6_S4_
                0x0000000000002668       0x1c /home/arduino/ArduinoApps/uno-q-pin-toggle-ui/.cache/sketch/sketch/sketch.ino.cpp.o
                0x0000000000002668                unsigned char* std::__copy_move<false, true, std::random_access_iterator_tag>::__copy_m<unsigned char>(unsigned char const*, unsigned char const*, unsigned char*)
 .text._ZNSt11__copy_moveILb1ELb1ESt26random_access_iterator_tagE8__copy_mIhEEPT_PKS3_S6_S4_
                0x0000000000002684       0x1c /home/arduino/ArduinoApps/uno-q-pin-toggle-ui/.cache/sketch/sketch/sketch.ino.cpp.o
                0x0000000000002684                unsigned char* std::__copy_move<true, true, std::random_access_iterator_tag>::__copy_m<unsigned char>(unsigned char const*, unsigned char const*, unsigned char*)
 .text._ZN7arduino7msgpack6object3extC2EaPKhj
                0x00000000000026a0      0x104 /home/arduino/ArduinoApps/uno-q-pin-toggle-ui/.cache/sketch/sketch/sketch.ino.cpp.o
                0x00000000000026a0                arduino::msgpack::object::ext::ext(signed char, unsigned char const*, unsigned int)
                0x00000000000026a0                arduino::msgpack::object::ext::ext(signed char, unsigned char const*, unsigned int)
 .text._ZN7arduino7msgpack8Unpacker9unpackExtEv
                0x00000000000027a4      0x178 /home/arduino/ArduinoApps/uno-q-pin-toggle-ui/.cache/sketch/sketch/sketch.ino.cpp.o
                0x00000000000027a4                arduino::msgpack::Unpacker::unpackExt()
 .text._ZN8RpcUtils6detail12unpackObjectERN7arduino7msgpack8UnpackerE
                0x000000000000291c      0x290 /home/arduino/ArduinoApps/uno-q-pin-toggle-ui/.cache/sketch/sketch/sketch.ino.cpp.o
                0x000000000000291c                RpcUtils::detail::unpackObject(arduino::msgpack::Unpacker&)
 .text._ZN10RpcDecoderILj1024EE12parse_packetEv
                0x0000000000002bac       0xf8 /home/arduino/ArduinoApps/uno-q-pin-toggle-ui/.cache/sketch/sketch/sketch.ino.cpp.o
                0x0000000000002bac                RpcDecoder<1024u>::parse_packet()
 .text._ZN10RpcDecoderILj1024EE6decodeEv
                0x0000000000002ca4       0x40 /home/arduino/ArduinoApps/uno-q-pin-toggle-ui/.cache/sketch/sketch/sketch.ino.cpp.o
                0x0000000000002ca4                RpcDecoder<1024u>::decode()
 .text._ZN9RPCServer7get_rpcILj256EEEbR10RPCRequestIXT_EEN7arduino6StringE
                0x0000000000002ce4       0xc4 /home/arduino/ArduinoApps/uno-q-pin-toggle-ui/.cache/sketch/sketch/sketch.ino.cpp.o
                0x0000000000002ce4                bool RPCServer::get_rpc<256u>(RPCRequest<256u>&, arduino::String)
 .text._ZN11BridgeClass11update_safeEv
                0x0000000000002da8       0xb0 /home/arduino/ArduinoApps/uno-q-pin-toggle-ui/.cache/sketch/sketch/sketch.ino.cpp.o
                0x0000000000002da8                BridgeClass::update_safe()
 .text._Z10__loopHookv
                0x0000000000002e58       0x20 /home/arduino/ArduinoApps/uno-q-pin-toggle-ui/.cache/sketch/sketch/sketch.ino.cpp.o
                0x0000000000002e58                __loopHook()
 .text._ZN11BridgeClass6updateEv
                0x0000000000002e78       0xb0 /home/arduino/ArduinoApps/uno-q-pin-toggle-ui/.cache/sketch/sketch/sketch.ino.cpp.o
                0x0000000000002e78                BridgeClass::update()
 .text._Z16updateEntryPointPvS_S_
                0x0000000000002f28       0x24 /home/arduino/ArduinoApps/uno-q-pin-toggle-ui/.cache/sketch/sketch/sketch.ino.cpp.o
                0x0000000000002f28                updateEntryPoint(void*, void*, void*)
 .text._ZN9RPCClient12get_responseIN7arduino7msgpack6object5nil_tEEEbjRT_R8RpcError
                0x0000000000002f4c       0x40 /home/arduino/ArduinoApps/uno-q-pin-toggle-ui/.cache/sketch/sketch/sketch.ino.cpp.o
                0x0000000000002f4c                bool RPCClient::get_response<arduino::msgpack::object::nil_t>(unsigned int, arduino::msgpack::object::nil_t&, RpcError&)
 .text._ZN9RPCClient12get_responseIbEEbjRT_R8RpcError
                0x0000000000002f8c       0x40 /home/arduino/ArduinoApps/uno-q-pin-toggle-ui/.cache/sketch/sketch/sketch.ino.cpp.o
                0x0000000000002f8c                bool RPCClient::get_response<bool>(unsigned int, bool&, RpcError&)
 .text._ZN9RpcResultIJRKN7arduino6StringEEE6resultIbEEbRT_
                0x0000000000002fcc       0x90 /home/arduino/ArduinoApps/uno-q-pin-toggle-ui/.cache/sketch/sketch/sketch.ino.cpp.o
                0x0000000000002fcc                bool RpcResult<arduino::String const&>::result<bool>(bool&)
 .text.setup    0x000000000000305c      0x43c /home/arduino/ArduinoApps/uno-q-pin-toggle-ui/.cache/sketch/sketch/sketch.ino.cpp.o
                0x000000000000305c                setup
 .text._ZN8RpcUtils6detail9unpackMapERN7arduino7msgpack8UnpackerERj
                0x0000000000003498       0x80 /home/arduino/ArduinoApps/uno-q-pin-toggle-ui/.cache/sketch/sketch/sketch.ino.cpp.o
                0x0000000000003498                RpcUtils::detail::unpackMap(arduino::msgpack::Unpacker&, unsigned int&)
 .text._ZN18RpcFunctionWrapperISt8functionIFvN7arduino6StringEbEEE11handle_callIvEENSt9enable_ifIXsrSt7is_voidIT_E5valueEiE4typeERNS1_7msgpack8UnpackerERNSD_6PackerE
                0x0000000000003518       0xb4 /home/arduino/ArduinoApps/uno-q-pin-toggle-ui/.cache/sketch/sketch/sketch.ino.cpp.o
                0x0000000000003518                std::enable_if<std::is_void<void>::value, int>::type RpcFunctionWrapper<std::function<void (arduino::String, bool)> >::handle_call<void>(arduino::msgpack::Unpacker&, arduino::msgpack::Packer&)
 .text._ZN18RpcFunctionWrapperISt8functionIFvN7arduino6StringEbEEEclERNS1_7msgpack8UnpackerERNS6_6PackerE
                0x00000000000035cc       0xf0 /home/arduino/ArduinoApps/uno-q-pin-toggle-ui/.cache/sketch/sketch/sketch.ino.cpp.o
                0x00000000000035cc                RpcFunctionWrapper<std::function<void (arduino::String, bool)> >::operator()(arduino::msgpack::Unpacker&, arduino::msgpack::Packer&)
 .text._ZN10RpcDecoderILj1024EE12get_responseIjEEbjRT_R8RpcError
                0x00000000000036bc      0x168 /home/arduino/ArduinoApps/uno-q-pin-toggle-ui/.cache/sketch/sketch/sketch.ino.cpp.o
                0x00000000000036bc                bool RpcDecoder<1024u>::get_response<unsigned int>(unsigned int, unsigned int&, RpcError&)
 .text._ZN9RpcResultIJRN7arduino6StringEEE6resultIjEEbRT_
                0x0000000000003824       0xbc /home/arduino/ArduinoApps/uno-q-pin-toggle-ui/.cache/sketch/sketch/sketch.ino.cpp.o
                0x0000000000003824                bool RpcResult<arduino::String&>::result<unsigned int>(unsigned int&)
 .text._ZN13BridgeMonitorILj512EE5writeEPKhj
                0x00000000000038e0      0x128 /home/arduino/ArduinoApps/uno-q-pin-toggle-ui/.cache/sketch/sketch/sketch.ino.cpp.o
                0x00000000000038e0                BridgeMonitor<512u>::write(unsigned char const*, unsigned int)
 .text._ZN10RpcDecoderILj1024EE12get_responseISt6vectorIhSaIhEEEEbjRT_R8RpcError
                0x0000000000003a08      0x168 /home/arduino/ArduinoApps/uno-q-pin-toggle-ui/.cache/sketch/sketch/sketch.ino.cpp.o
                0x0000000000003a08                bool RpcDecoder<1024u>::get_response<std::vector<unsigned char, std::allocator<unsigned char> > >(unsigned int, std::vector<unsigned char, std::allocator<unsigned char> >&, RpcError&)
 .text._ZN9RpcResultIJRjEE6resultISt6vectorIhSaIhEEEEbRT_
                0x0000000000003b70       0xbc /home/arduino/ArduinoApps/uno-q-pin-toggle-ui/.cache/sketch/sketch/sketch.ino.cpp.o
                0x0000000000003b70                bool RpcResult<unsigned int&>::result<std::vector<unsigned char, std::allocator<unsigned char> > >(std::vector<unsigned char, std::allocator<unsigned char> >&)
 .text._ZN13BridgeMonitorILj512EE5_readEj
                0x0000000000003c2c      0x15c /home/arduino/ArduinoApps/uno-q-pin-toggle-ui/.cache/sketch/sketch/sketch.ino.cpp.o
                0x0000000000003c2c                BridgeMonitor<512u>::_read(unsigned int)
 .text._ZN13BridgeMonitorILj512EE9availableEv
                0x0000000000003d88       0x44 /home/arduino/ArduinoApps/uno-q-pin-toggle-ui/.cache/sketch/sketch/sketch.ino.cpp.o
                0x0000000000003d88                BridgeMonitor<512u>::available()
 .text._GLOBAL__sub_I_Bridge
                0x0000000000003dcc       0xc4 /home/arduino/ArduinoApps/uno-q-pin-toggle-ui/.cache/sketch/sketch/sketch.ino.cpp.o
 .text._GLOBAL__sub_D_Bridge
                0x0000000000003e90       0x20 /home/arduino/ArduinoApps/uno-q-pin-toggle-ui/.cache/sketch/sketch/sketch.ino.cpp.o
 .text._ZSt20__throw_length_errorPKc
                0x0000000000003eb0        0x2 /home/arduino/ArduinoApps/uno-q-pin-toggle-ui/.cache/sketch/core/core.a(abi.cpp.o)
                0x0000000000003eb0                std::__throw_length_error(char const*)
 .text._ZSt17__throw_bad_allocv
                0x0000000000003eb2        0x2 /home/arduino/ArduinoApps/uno-q-pin-toggle-ui/.cache/sketch/core/core.a(abi.cpp.o)
                0x0000000000003eb2                std::__throw_bad_alloc()
 .text._ZSt25__throw_bad_function_callv
                0x0000000000003eb4        0x2 /home/arduino/ArduinoApps/uno-q-pin-toggle-ui/.cache/sketch/core/core.a(abi.cpp.o)
                0x0000000000003eb4                std::__throw_bad_function_call()
 .text.atexit   0x0000000000003eb6        0x4 /home/arduino/ArduinoApps/uno-q-pin-toggle-ui/.cache/sketch/core/core.a(abi.cpp.o)
                0x0000000000003eb6                atexit
 .text.strcmp   0x0000000000003eba       0x16 /home/arduino/ArduinoApps/uno-q-pin-toggle-ui/.cache/sketch/core/core.a(abi.cpp.o)
                0x0000000000003eba                strcmp
 .text._ZN7arduino6Stream9timedReadEv
                0x0000000000003ed0       0x2c /home/arduino/ArduinoApps/uno-q-pin-toggle-ui/.cache/sketch/core/core.a(Stream.cpp.o)
                0x0000000000003ed0                arduino::Stream::timedRead()
 .text._ZN7arduino6Stream10setTimeoutEm
                0x0000000000003efc        0x4 /home/arduino/ArduinoApps/uno-q-pin-toggle-ui/.cache/sketch/core/core.a(Stream.cpp.o)
                0x0000000000003efc                arduino::Stream::setTimeout(unsigned long)
 .text._ZN7arduino6Stream9readBytesEPcj
                0x0000000000003f00       0x2c /home/arduino/ArduinoApps/uno-q-pin-toggle-ui/.cache/sketch/core/core.a(Stream.cpp.o)
                0x0000000000003f00                arduino::Stream::readBytes(char*, unsigned int)
 .text._ZN7arduino6StringC2EOS0_
                0x0000000000003f2c       0x16 /home/arduino/ArduinoApps/uno-q-pin-toggle-ui/.cache/sketch/core/core.a(String.cpp.o)
                0x0000000000003f2c                arduino::String::String(arduino::String&&)
                0x0000000000003f2c                arduino::String::String(arduino::String&&)
 *fill*         0x0000000000003f42        0x2 
 .text._ZN7arduino6StringD2Ev
                0x0000000000003f44       0x14 /home/arduino/ArduinoApps/uno-q-pin-toggle-ui/.cache/sketch/core/core.a(String.cpp.o)
                0x0000000000003f44                arduino::String::~String()
                0x0000000000003f44                arduino::String::~String()
 .text._ZN7arduino6String10invalidateEv
                0x0000000000003f58       0x1c /home/arduino/ArduinoApps/uno-q-pin-toggle-ui/.cache/sketch/core/core.a(String.cpp.o)
                0x0000000000003f58                arduino::String::invalidate()
 .text._ZN7arduino6String12changeBufferEj
                0x0000000000003f74       0x1c /home/arduino/ArduinoApps/uno-q-pin-toggle-ui/.cache/sketch/core/core.a(String.cpp.o)
                0x0000000000003f74                arduino::String::changeBuffer(unsigned int)
 .text._ZN7arduino6String7reserveEj
                0x0000000000003f90       0x28 /home/arduino/ArduinoApps/uno-q-pin-toggle-ui/.cache/sketch/core/core.a(String.cpp.o)
                0x0000000000003f90                arduino::String::reserve(unsigned int)
 .text._ZN7arduino6String4copyEPKcj
                0x0000000000003fb8       0x3c /home/arduino/ArduinoApps/uno-q-pin-toggle-ui/.cache/sketch/core/core.a(String.cpp.o)
                0x0000000000003fb8                arduino::String::copy(char const*, unsigned int)
 .text._ZN7arduino6StringC2EPKc
                0x0000000000003ff4       0x2c /home/arduino/ArduinoApps/uno-q-pin-toggle-ui/.cache/sketch/core/core.a(String.cpp.o)
                0x0000000000003ff4                arduino::String::String(char const*)
                0x0000000000003ff4                arduino::String::String(char const*)
 .text._ZN7arduino6String4moveERS0_
                0x0000000000004020       0x2c /home/arduino/ArduinoApps/uno-q-pin-toggle-ui/.cache/sketch/core/core.a(String.cpp.o)
                0x0000000000004020                arduino::String::move(arduino::String&)
 .text._ZN7arduino6StringaSERKS0_
                0x000000000000404c       0x28 /home/arduino/ArduinoApps/uno-q-pin-toggle-ui/.cache/sketch/core/core.a(String.cpp.o)
                0x000000000000404c                arduino::String::operator=(arduino::String const&)
 .text._ZN7arduino6StringC2ERKS0_
                0x0000000000004074       0x18 /home/arduino/ArduinoApps/uno-q-pin-toggle-ui/.cache/sketch/core/core.a(String.cpp.o)
                0x0000000000004074                arduino::String::String(arduino::String const&)
                0x0000000000004074                arduino::String::String(arduino::String const&)
 .text._ZN7arduino6StringaSEOS0_
                0x000000000000408c       0x10 /home/arduino/ArduinoApps/uno-q-pin-toggle-ui/.cache/sketch/core/core.a(String.cpp.o)
                0x000000000000408c                arduino::String::operator=(arduino::String&&)
 .text._ZN7arduino6StringaSEPKc
                0x000000000000409c       0x30 /home/arduino/ArduinoApps/uno-q-pin-toggle-ui/.cache/sketch/core/core.a(String.cpp.o)
                0x000000000000409c                arduino::String::operator=(char const*)
 .text._ZN7arduino6StringC2Eih
                0x00000000000040cc       0x2c /home/arduino/ArduinoApps/uno-q-pin-toggle-ui/.cache/sketch/core/core.a(String.cpp.o)
                0x00000000000040cc                arduino::String::String(int, unsigned char)
                0x00000000000040cc                arduino::String::String(int, unsigned char)
 .text._ZN7arduino6String6concatEPKcj
                0x00000000000040f8       0x40 /home/arduino/ArduinoApps/uno-q-pin-toggle-ui/.cache/sketch/core/core.a(String.cpp.o)
                0x00000000000040f8                arduino::String::concat(char const*, unsigned int)
 .text._ZN7arduino6String6concatERKS0_
                0x0000000000004138        0xc /home/arduino/ArduinoApps/uno-q-pin-toggle-ui/.cache/sketch/core/core.a(String.cpp.o)
                0x0000000000004138                arduino::String::concat(arduino::String const&)
 .text._ZN7arduino6String6concatEc
                0x0000000000004144       0x1c /home/arduino/ArduinoApps/uno-q-pin-toggle-ui/.cache/sketch/core/core.a(String.cpp.o)
                0x0000000000004144                arduino::String::concat(char)
 .text._ZNK7arduino6String9compareToERKS0_
                0x0000000000004160       0x30 /home/arduino/ArduinoApps/uno-q-pin-toggle-ui/.cache/sketch/core/core.a(String.cpp.o)
                0x0000000000004160                arduino::String::compareTo(arduino::String const&) const
 .text._ZNK7arduino6String6equalsERKS0_
                0x0000000000004190       0x20 /home/arduino/ArduinoApps/uno-q-pin-toggle-ui/.cache/sketch/core/core.a(String.cpp.o)
                0x0000000000004190                arduino::String::equals(arduino::String const&) const
 .text._ZNK7arduino6String6equalsEPKc
                0x00000000000041b0       0x28 /home/arduino/ArduinoApps/uno-q-pin-toggle-ui/.cache/sketch/core/core.a(String.cpp.o)
                0x00000000000041b0                arduino::String::equals(char const*) const
 .text.ltoa     0x00000000000041d8       0x80 /home/arduino/ArduinoApps/uno-q-pin-toggle-ui/.cache/sketch/core/core.a(itoa.cpp.o)
                0x00000000000041d8                ltoa
 .text.itoa     0x0000000000004258        0x8 /home/arduino/ArduinoApps/uno-q-pin-toggle-ui/.cache/sketch/core/core.a(itoa.cpp.o)
                0x0000000000004258                itoa
 .text.initVariant
                0x0000000000004260        0x2 /home/arduino/ArduinoApps/uno-q-pin-toggle-ui/.cache/sketch/core/core.a(main.cpp.o)
                0x0000000000004260                initVariant
 *fill*         0x0000000000004262        0x2 
 .text.main     0x0000000000004264       0x2c /home/arduino/ArduinoApps/uno-q-pin-toggle-ui/.cache/sketch/core/core.a(main.cpp.o)
                0x0000000000004264                main
 .text._ZL10new_helperj
                0x0000000000004290       0x10 /home/arduino/ArduinoApps/uno-q-pin-toggle-ui/.cache/sketch/core/core.a(new.cpp.o)
 .text._Znwj    0x00000000000042a0        0x8 /home/arduino/ArduinoApps/uno-q-pin-toggle-ui/.cache/sketch/core/core.a(new.cpp.o)
                0x00000000000042a0                operator new(unsigned int)
 .text._ZnwjPv  0x00000000000042a8        0x4 /home/arduino/ArduinoApps/uno-q-pin-toggle-ui/.cache/sketch/core/core.a(new.cpp.o)
                0x00000000000042a8                operator new(unsigned int, void*)
 .text._ZdlPvj  0x00000000000042ac        0x8 /home/arduino/ArduinoApps/uno-q-pin-toggle-ui/.cache/sketch/core/core.a(new.cpp.o)
                0x00000000000042ac                operator delete(void*, unsigned int)
 .text._Z20start_static_threadsv
                0x00000000000042b4       0x6c /home/arduino/ArduinoApps/uno-q-pin-toggle-ui/.cache/sketch/core/core.a(threads.cpp.o)
                0x00000000000042b4                start_static_threads()
 .text.gpio_pin_set_dt.isra.0
                0x0000000000004320       0x28 /home/arduino/ArduinoApps/uno-q-pin-toggle-ui/.cache/sketch/core/core.a(zephyrCommon.cpp.o)
 .text.gpio_pin_configure_dt.isra.0
                0x0000000000004348       0x2a /home/arduino/ArduinoApps/uno-q-pin-toggle-ui/.cache/sketch/core/core.a(zephyrCommon.cpp.o)
 *fill*         0x0000000000004372        0x2 
 .text.yield    0x0000000000004374        0x8 /home/arduino/ArduinoApps/uno-q-pin-toggle-ui/.cache/sketch/core/core.a(zephyrCommon.cpp.o)
                0x0000000000004374                yield
 .text.pinMode  0x000000000000437c       0x3c /home/arduino/ArduinoApps/uno-q-pin-toggle-ui/.cache/sketch/core/core.a(zephyrCommon.cpp.o)
                0x000000000000437c                pinMode
 .text.digitalWrite
                0x00000000000043b8       0x14 /home/arduino/ArduinoApps/uno-q-pin-toggle-ui/.cache/sketch/core/core.a(zephyrCommon.cpp.o)
                0x00000000000043b8                digitalWrite
 .text.millis   0x00000000000043cc       0x18 /home/arduino/ArduinoApps/uno-q-pin-toggle-ui/.cache/sketch/core/core.a(zephyrCommon.cpp.o)
                0x00000000000043cc                millis
 .text.z_impl_uart_irq_tx_enable
                0x00000000000043e4        0xa /home/arduino/ArduinoApps/uno-q-pin-toggle-ui/.cache/sketch/core/core.a(zephyrSerial.cpp.o)
 .text._ZN7arduino12ZephyrSerial5beginEm
                0x00000000000043ee        0xa /home/arduino/ArduinoApps/uno-q-pin-toggle-ui/.cache/sketch/core/core.a(zephyrSerial.cpp.o)
                0x00000000000043ee                arduino::ZephyrSerial::begin(unsigned long)
 .text._ZN7arduino12ZephyrSerial3endEv
                0x00000000000043f8        0x2 /home/arduino/ArduinoApps/uno-q-pin-toggle-ui/.cache/sketch/core/core.a(zephyrSerial.cpp.o)
                0x00000000000043f8                arduino::ZephyrSerial::end()
 .text._ZN7arduino12ZephyrSerial5writeEh
                0x00000000000043fa       0x18 /home/arduino/ArduinoApps/uno-q-pin-toggle-ui/.cache/sketch/core/core.a(zephyrSerial.cpp.o)
                0x00000000000043fa                arduino::ZephyrSerial::write(unsigned char)
 .text._ZN7arduino12ZephyrSerialcvbEv
                0x0000000000004412        0x4 /home/arduino/ArduinoApps/uno-q-pin-toggle-ui/.cache/sketch/core/core.a(zephyrSerial.cpp.o)
                0x0000000000004412                arduino::ZephyrSerial::operator bool()
 *fill*         0x0000000000004416        0x2 
 .text.k_sem_give
                0x0000000000004418        0x8 /home/arduino/ArduinoApps/uno-q-pin-toggle-ui/.cache/sketch/core/core.a(zephyrSerial.cpp.o)
 .text.k_sem_take.isra.0
                0x0000000000004420        0x8 /home/arduino/ArduinoApps/uno-q-pin-toggle-ui/.cache/sketch/core/core.a(zephyrSerial.cpp.o)
 .text._ZN7arduino12ZephyrSerial4readEv
                0x0000000000004428       0x48 /home/arduino/ArduinoApps/uno-q-pin-toggle-ui/.cache/sketch/core/core.a(zephyrSerial.cpp.o)
                0x0000000000004428                arduino::ZephyrSerial::read()
 .text._ZN7arduino12ZephyrSerial4peekEv
                0x0000000000004470       0x48 /home/arduino/ArduinoApps/uno-q-pin-toggle-ui/.cache/sketch/core/core.a(zephyrSerial.cpp.o)
                0x0000000000004470                arduino::ZephyrSerial::peek()
 .text._ZN7arduino12ZephyrSerial17availableForWriteEv
                0x00000000000044b8       0x3c /home/arduino/ArduinoApps/uno-q-pin-toggle-ui/.cache/sketch/core/core.a(zephyrSerial.cpp.o)
                0x00000000000044b8                arduino::ZephyrSerial::availableForWrite()
 .text._ZN7arduino12ZephyrSerial9availableEv
                0x00000000000044f4       0x34 /home/arduino/ArduinoApps/uno-q-pin-toggle-ui/.cache/sketch/core/core.a(zephyrSerial.cpp.o)
                0x00000000000044f4                arduino::ZephyrSerial::available()
 .text._ZN7arduino12ZephyrSerial5beginEmt
                0x0000000000004528       0xb8 /home/arduino/ArduinoApps/uno-q-pin-toggle-ui/.cache/sketch/core/core.a(zephyrSerial.cpp.o)
                0x0000000000004528                arduino::ZephyrSerial::begin(unsigned long, unsigned short)
 .text._ZN7arduino12ZephyrSerial5flushEv
                0x00000000000045e0       0x2c /home/arduino/ArduinoApps/uno-q-pin-toggle-ui/.cache/sketch/core/core.a(zephyrSerial.cpp.o)
                0x00000000000045e0                arduino::ZephyrSerial::flush()
 .text._ZN7arduino12ZephyrSerial5writeEPKhj
                0x000000000000460c       0x70 /home/arduino/ArduinoApps/uno-q-pin-toggle-ui/.cache/sketch/core/core.a(zephyrSerial.cpp.o)
                0x000000000000460c                arduino::ZephyrSerial::write(unsigned char const*, unsigned int)
 .text._ZN7arduino12ZephyrSerial10IrqHandlerEv
                0x000000000000467c       0xec /home/arduino/ArduinoApps/uno-q-pin-toggle-ui/.cache/sketch/core/core.a(zephyrSerial.cpp.o)
                0x000000000000467c                arduino::ZephyrSerial::IrqHandler()
 .text._ZN7arduino12ZephyrSerial11IrqDispatchEPK6devicePv
                0x0000000000004768        0xc /home/arduino/ArduinoApps/uno-q-pin-toggle-ui/.cache/sketch/core/core.a(zephyrSerial.cpp.o)
                0x0000000000004768                arduino::ZephyrSerial::IrqDispatch(device const*, void*)
 .text._ZN7arduino12ZephyrSerial18ZephyrSerialBufferILi64EEC2Ev
                0x0000000000004774       0x28 /home/arduino/ArduinoApps/uno-q-pin-toggle-ui/.cache/sketch/core/core.a(zephyrSerial.cpp.o)
                0x0000000000004774                arduino::ZephyrSerial::ZephyrSerialBuffer<64>::ZephyrSerialBuffer()
                0x0000000000004774                arduino::ZephyrSerial::ZephyrSerialBuffer<64>::ZephyrSerialBuffer()
 .text._GLOBAL__sub_I__ZN7arduino12ZephyrSerial5beginEmt
                0x000000000000479c       0x5c /home/arduino/ArduinoApps/uno-q-pin-toggle-ui/.cache/sketch/core/core.a(zephyrSerial.cpp.o)
 *(.text.*)
 *(.text._*)
 *(.init)
 *(.ctors)
 *(.dtors)
 *(.fini)

.static_thread_data_area
                0x00000000000047f8        0x0
                0x00000000000047f8                __static_thread_data_list_start = .
 *(.static_thread_data_area SORT_BY_NAME(.__static_thread_data.*))
                0x00000000000047f8                __static_thread_data_list_end = .

.rodata         0x00000000000047f8      0x608
 *(.rodata)
 *(.rodata1)
 *(.rodata.*)
 .rodata._ZN8RpcErrorC2Ev.str1.1
                0x00000000000047f8        0x1 /home/arduino/ArduinoApps/uno-q-pin-toggle-ui/.cache/sketch/sketch/sketch.ino.cpp.o
 .rodata._ZNSt6vectorIjSaIjEE17_M_realloc_insertIJRjEEEvN9__gnu_cxx17__normal_iteratorIPjS1_EEDpOT_.str1.1
                0x00000000000047f9       0x1a /home/arduino/ArduinoApps/uno-q-pin-toggle-ui/.cache/sketch/sketch/sketch.ino.cpp.o
 .rodata._ZN10RpcDecoderILj1024EE12get_responseIN7arduino7msgpack6object5nil_tEEEbjRT_R8RpcError.str1.1
                0x0000000000004813       0x7b /home/arduino/ArduinoApps/uno-q-pin-toggle-ui/.cache/sketch/sketch/sketch.ino.cpp.o
 .rodata._ZN7arduino7msgpack6object3extC2EaPKhj.str1.1
                0x000000000000488e       0x28 /home/arduino/ArduinoApps/uno-q-pin-toggle-ui/.cache/sketch/sketch/sketch.ino.cpp.o
 .rodata._ZN11BridgeClass11update_safeEv.str1.1
                0x00000000000048b6        0x9 /home/arduino/ArduinoApps/uno-q-pin-toggle-ui/.cache/sketch/sketch/sketch.ino.cpp.o
 .rodata.setup.str1.1
                0x00000000000048bf       0x23 /home/arduino/ArduinoApps/uno-q-pin-toggle-ui/.cache/sketch/sketch/sketch.ino.cpp.o
 .rodata._ZN18RpcFunctionWrapperISt8functionIFvN7arduino6StringEbEEEclERNS1_7msgpack8UnpackerERNS6_6PackerE.str1.1
                0x00000000000048e2       0xa6 /home/arduino/ArduinoApps/uno-q-pin-toggle-ui/.cache/sketch/sketch/sketch.ino.cpp.o
 .rodata._ZN13BridgeMonitorILj512EE5writeEPKhj.str1.1
                0x0000000000004988        0xa /home/arduino/ArduinoApps/uno-q-pin-toggle-ui/.cache/sketch/sketch/sketch.ino.cpp.o
 .rodata._ZN13BridgeMonitorILj512EE5_readEj.str1.1
                0x0000000000004992        0x9 /home/arduino/ArduinoApps/uno-q-pin-toggle-ui/.cache/sketch/sketch/sketch.ino.cpp.o
 *fill*         0x000000000000499b        0x1 
 .rodata._ZTV15SerialTransport
                0x000000000000499c       0x20 /home/arduino/ArduinoApps/uno-q-pin-toggle-ui/.cache/sketch/sketch/sketch.ino.cpp.o
                0x000000000000499c                vtable for SerialTransport
 .rodata._ZTV13BridgeMonitorILj512EE
                0x00000000000049bc       0x24 /home/arduino/ArduinoApps/uno-q-pin-toggle-ui/.cache/sketch/sketch/sketch.ino.cpp.o
                0x00000000000049bc                vtable for BridgeMonitor<512u>
 .rodata._ZTV18RpcFunctionWrapperISt8functionIFvN7arduino6StringEbEEE
                0x00000000000049e0       0x14 /home/arduino/ArduinoApps/uno-q-pin-toggle-ui/.cache/sketch/sketch/sketch.ino.cpp.o
                0x00000000000049e0                vtable for RpcFunctionWrapper<std::function<void (arduino::String, bool)> >
 .rodata.str1.1
                0x00000000000049f4       0x72 /home/arduino/ArduinoApps/uno-q-pin-toggle-ui/.cache/sketch/sketch/sketch.ino.cpp.o
 *fill*         0x0000000000004a66        0x2 
 .rodata._ZL5kPins
                0x0000000000004a68       0xe0 /home/arduino/ArduinoApps/uno-q-pin-toggle-ui/.cache/sketch/sketch/sketch.ino.cpp.o
 .rodata.str1.1
                0x0000000000004b48       0x51 /home/arduino/ArduinoApps/uno-q-pin-toggle-ui/.cache/sketch/core/core.a(main.cpp.o)
 *fill*         0x0000000000004b99        0x3 
 .rodata._ZL12arduino_pins
                0x0000000000004b9c      0x230 /home/arduino/ArduinoApps/uno-q-pin-toggle-ui/.cache/sketch/core/core.a(zephyrCommon.cpp.o)
 .rodata._ZTVN7arduino12ZephyrSerialE
                0x0000000000004dcc       0x34 /home/arduino/ArduinoApps/uno-q-pin-toggle-ui/.cache/sketch/core/core.a(zephyrSerial.cpp.o)
                0x0000000000004dcc                vtable for arduino::ZephyrSerial

.data
 *(.data .data.*)

.bss            0x0000000000004e00     0x1244
 *(.bss .bss.* COMMON)
 .bss._ZN17RpcDecoderManagerILj3EE14decoders_countE
                0x0000000000004e00        0x4 /home/arduino/ArduinoApps/uno-q-pin-toggle-ui/.cache/sketch/sketch/sketch.ino.cpp.o
                0x0000000000004e00                RpcDecoderManager<3u>::decoders_count
 .bss._ZGVN17RpcDecoderManagerILj3EE9decoders_E
                0x0000000000004e04        0x4 /home/arduino/ArduinoApps/uno-q-pin-toggle-ui/.cache/sketch/sketch/sketch.ino.cpp.o
                0x0000000000004e04                guard variable for RpcDecoderManager<3u>::decoders_
 .bss._ZN17RpcDecoderManagerILj3EE9decoders_E
                0x0000000000004e08      0xc60 /home/arduino/ArduinoApps/uno-q-pin-toggle-ui/.cache/sketch/sketch/sketch.ino.cpp.o
                0x0000000000004e08                RpcDecoderManager<3u>::decoders_
 .bss._ZGVZN7arduino7msgpack8Unpacker10from_arrayIJRiRNS_6StringEEEEbDpOT_E2sz
                0x0000000000005a68        0x4 /home/arduino/ArduinoApps/uno-q-pin-toggle-ui/.cache/sketch/sketch/sketch.ino.cpp.o
                0x0000000000005a68                guard variable for arduino::msgpack::Unpacker::from_array<int&, arduino::String&>(int&, arduino::String&)::sz
 .bss._ZZN7arduino7msgpack8Unpacker10from_arrayIJRiRNS_6StringEEEEbDpOT_E2sz
                0x0000000000005a6c        0x4 /home/arduino/ArduinoApps/uno-q-pin-toggle-ui/.cache/sketch/sketch/sketch.ino.cpp.o
                0x0000000000005a6c                arduino::msgpack::Unpacker::from_array<int&, arduino::String&>(int&, arduino::String&)::sz
 .bss._ZN12RouterBridge3HCIE
                0x0000000000005a70       0x28 /home/arduino/ArduinoApps/uno-q-pin-toggle-ui/.cache/sketch/sketch/sketch.ino.cpp.o
                0x0000000000005a70                RouterBridge::HCI
 .bss.Monitor   0x0000000000005a98      0x238 /home/arduino/ArduinoApps/uno-q-pin-toggle-ui/.cache/sketch/sketch/sketch.ino.cpp.o
                0x0000000000005a98                Monitor
 .bss.Bridge    0x0000000000005cd0      0x140 /home/arduino/ArduinoApps/uno-q-pin-toggle-ui/.cache/sketch/sketch/sketch.ino.cpp.o
                0x0000000000005cd0                Bridge
 .bss._ZZN8RpcUtils6detail12unpackObjectERN7arduino7msgpack8UnpackerEE1t
                0x0000000000005e10       0x10 /home/arduino/ArduinoApps/uno-q-pin-toggle-ui/.cache/sketch/sketch/sketch.ino.cpp.o
                0x0000000000005e10                RpcUtils::detail::unpackObject(arduino::msgpack::Unpacker&)::t
 .bss._ZGVZN8RpcUtils6detail12unpackObjectERN7arduino7msgpack8UnpackerEE1e
                0x0000000000005e20        0x4 /home/arduino/ArduinoApps/uno-q-pin-toggle-ui/.cache/sketch/sketch/sketch.ino.cpp.o
                0x0000000000005e20                guard variable for RpcUtils::detail::unpackObject(arduino::msgpack::Unpacker&)::e
 .bss._ZZN8RpcUtils6detail12unpackObjectERN7arduino7msgpack8UnpackerEE1e
                0x0000000000005e24        0xc /home/arduino/ArduinoApps/uno-q-pin-toggle-ui/.cache/sketch/sketch/sketch.ino.cpp.o
                0x0000000000005e24                RpcUtils::detail::unpackObject(arduino::msgpack::Unpacker&)::e
 .bss._ZZN8RpcUtils6detail12unpackObjectERN7arduino7msgpack8UnpackerEE6map_sz
                0x0000000000005e30        0x4 /home/arduino/ArduinoApps/uno-q-pin-toggle-ui/.cache/sketch/sketch/sketch.ino.cpp.o
                0x0000000000005e30                RpcUtils::detail::unpackObject(arduino::msgpack::Unpacker&)::map_sz
 .bss._ZZN8RpcUtils6detail12unpackObjectERN7arduino7msgpack8UnpackerEE6arr_sz
                0x0000000000005e34        0x4 /home/arduino/ArduinoApps/uno-q-pin-toggle-ui/.cache/sketch/sketch/sketch.ino.cpp.o
                0x0000000000005e34                RpcUtils::detail::unpackObject(arduino::msgpack::Unpacker&)::arr_sz
 .bss._ZGVZN8RpcUtils6detail12unpackObjectERN7arduino7msgpack8UnpackerEE5bytes
                0x0000000000005e38        0x4 /home/arduino/ArduinoApps/uno-q-pin-toggle-ui/.cache/sketch/sketch/sketch.ino.cpp.o
                0x0000000000005e38                guard variable for RpcUtils::detail::unpackObject(arduino::msgpack::Unpacker&)::bytes
 .bss._ZZN8RpcUtils6detail12unpackObjectERN7arduino7msgpack8UnpackerEE5bytes
                0x0000000000005e3c        0xc /home/arduino/ArduinoApps/uno-q-pin-toggle-ui/.cache/sketch/sketch/sketch.ino.cpp.o
                0x0000000000005e3c                RpcUtils::detail::unpackObject(arduino::msgpack::Unpacker&)::bytes
 .bss._ZGVZN8RpcUtils6detail12unpackObjectERN7arduino7msgpack8UnpackerEE6string
                0x0000000000005e48        0x4 /home/arduino/ArduinoApps/uno-q-pin-toggle-ui/.cache/sketch/sketch/sketch.ino.cpp.o
                0x0000000000005e48                guard variable for RpcUtils::detail::unpackObject(arduino::msgpack::Unpacker&)::string
 .bss._ZZN8RpcUtils6detail12unpackObjectERN7arduino7msgpack8UnpackerEE6string
                0x0000000000005e4c        0xc /home/arduino/ArduinoApps/uno-q-pin-toggle-ui/.cache/sketch/sketch/sketch.ino.cpp.o
                0x0000000000005e4c                RpcUtils::detail::unpackObject(arduino::msgpack::Unpacker&)::string
 .bss._ZZN8RpcUtils6detail12unpackObjectERN7arduino7msgpack8UnpackerEE5num64
                0x0000000000005e58        0x8 /home/arduino/ArduinoApps/uno-q-pin-toggle-ui/.cache/sketch/sketch/sketch.ino.cpp.o
                0x0000000000005e58                RpcUtils::detail::unpackObject(arduino::msgpack::Unpacker&)::num64
 .bss._ZZN8RpcUtils6detail12unpackObjectERN7arduino7msgpack8UnpackerEE5num32
                0x0000000000005e60        0x4 /home/arduino/ArduinoApps/uno-q-pin-toggle-ui/.cache/sketch/sketch/sketch.ino.cpp.o
                0x0000000000005e60                RpcUtils::detail::unpackObject(arduino::msgpack::Unpacker&)::num32
 .bss._ZZN8RpcUtils6detail12unpackObjectERN7arduino7msgpack8UnpackerEE7integer
                0x0000000000005e64        0x4 /home/arduino/ArduinoApps/uno-q-pin-toggle-ui/.cache/sketch/sketch/sketch.ino.cpp.o
                0x0000000000005e64                RpcUtils::detail::unpackObject(arduino::msgpack::Unpacker&)::integer
 .bss._ZZN8RpcUtils6detail12unpackObjectERN7arduino7msgpack8UnpackerEE1b
                0x0000000000005e68        0x1 /home/arduino/ArduinoApps/uno-q-pin-toggle-ui/.cache/sketch/sketch/sketch.ino.cpp.o
                0x0000000000005e68                RpcUtils::detail::unpackObject(arduino::msgpack::Unpacker&)::b
 .bss._ZZN8RpcUtils6detail12unpackObjectERN7arduino7msgpack8UnpackerEE3nil
                0x0000000000005e69        0x1 /home/arduino/ArduinoApps/uno-q-pin-toggle-ui/.cache/sketch/sketch/sketch.ino.cpp.o
                0x0000000000005e69                RpcUtils::detail::unpackObject(arduino::msgpack::Unpacker&)::nil
 *fill*         0x0000000000005e6a        0x2 
 .bss.Serial1   0x0000000000005e6c       0xec /home/arduino/ArduinoApps/uno-q-pin-toggle-ui/.cache/sketch/core/core.a(zephyrSerial.cpp.o)
                0x0000000000005e6c                Serial1
 .bss.Serial    0x0000000000005f58       0xec /home/arduino/ArduinoApps/uno-q-pin-toggle-ui/.cache/sketch/core/core.a(zephyrSerial.cpp.o)
                0x0000000000005f58                Serial
 *(.noinit .noinit.*)

.exported_sym   0x0000000000006044        0x8
 *(.exported_sym)
 .exported_sym  0x0000000000006044        0x8 /home/arduino/ArduinoApps/uno-q-pin-toggle-ui/.cache/sketch/core/core.a(main.cpp.o)
 *(.exported_sym.*)

.init_array     0x000000000000604c        0x8
 *(.init_array)
 .init_array    0x000000000000604c        0x4 /home/arduino/ArduinoApps/uno-q-pin-toggle-ui/.cache/sketch/sketch/sketch.ino.cpp.o
 .init_array    0x0000000000006050        0x4 /home/arduino/ArduinoApps/uno-q-pin-toggle-ui/.cache/sketch/core/core.a(zephyrSerial.cpp.o)

.fini_array     0x0000000000006054        0x4
 *(.fini_array)
 .fini_array    0x0000000000006054        0x4 /home/arduino/ArduinoApps/uno-q-pin-toggle-ui/.cache/sketch/sketch/sketch.ino.cpp.o

.symtab
 *(.symtab)

.strtab
 *(.strtab)

.shstrtab
 *(.shstrtab)

.rel
 *(.rel .rel.*)

.got
 *(.got .got.* .got.plt .got.plt*)
OUTPUT(/home/arduino/ArduinoApps/uno-q-pin-toggle-ui/.cache/sketch/sketch.ino_debug.elf elf32-littlearm)
LOAD linker stubs

.debug_info     0x0000000000000000    0x439fb
 .debug_info    0x0000000000000000    0x30bf1 /home/arduino/ArduinoApps/uno-q-pin-toggle-ui/.cache/sketch/sketch/sketch.ino.cpp.o
 .debug_info    0x0000000000030bf1      0x1de /home/arduino/ArduinoApps/uno-q-pin-toggle-ui/.cache/sketch/core/core.a(abi.cpp.o)
 .debug_info    0x0000000000030dcf     0x1f74 /home/arduino/ArduinoApps/uno-q-pin-toggle-ui/.cache/sketch/core/core.a(Stream.cpp.o)
 .debug_info    0x0000000000032d43     0x3e0c /home/arduino/ArduinoApps/uno-q-pin-toggle-ui/.cache/sketch/core/core.a(String.cpp.o)
 .debug_info    0x0000000000036b4f      0x3de /home/arduino/ArduinoApps/uno-q-pin-toggle-ui/.cache/sketch/core/core.a(itoa.cpp.o)
 .debug_info    0x0000000000036f2d     0x1e2b /home/arduino/ArduinoApps/uno-q-pin-toggle-ui/.cache/sketch/core/core.a(main.cpp.o)
 .debug_info    0x0000000000038d58      0x7af /home/arduino/ArduinoApps/uno-q-pin-toggle-ui/.cache/sketch/core/core.a(new.cpp.o)
 .debug_info    0x0000000000039507     0x1f28 /home/arduino/ArduinoApps/uno-q-pin-toggle-ui/.cache/sketch/core/core.a(threads.cpp.o)
 .debug_info    0x000000000003b42f     0x4c53 /home/arduino/ArduinoApps/uno-q-pin-toggle-ui/.cache/sketch/core/core.a(zephyrCommon.cpp.o)
 .debug_info    0x0000000000040082     0x3979 /home/arduino/ArduinoApps/uno-q-pin-toggle-ui/.cache/sketch/core/core.a(zephyrSerial.cpp.o)

.debug_abbrev   0x0000000000000000     0x4294
 .debug_abbrev  0x0000000000000000     0x158e /home/arduino/ArduinoApps/uno-q-pin-toggle-ui/.cache/sketch/sketch/sketch.ino.cpp.o
 .debug_abbrev  0x000000000000158e      0x154 /home/arduino/ArduinoApps/uno-q-pin-toggle-ui/.cache/sketch/core/core.a(abi.cpp.o)
 .debug_abbrev  0x00000000000016e2      0x500 /home/arduino/ArduinoApps/uno-q-pin-toggle-ui/.cache/sketch/core/core.a(Stream.cpp.o)
 .debug_abbrev  0x0000000000001be2      0x5d4 /home/arduino/ArduinoApps/uno-q-pin-toggle-ui/.cache/sketch/core/core.a(String.cpp.o)
 .debug_abbrev  0x00000000000021b6      0x128 /home/arduino/ArduinoApps/uno-q-pin-toggle-ui/.cache/sketch/core/core.a(itoa.cpp.o)
 .debug_abbrev  0x00000000000022de      0x538 /home/arduino/ArduinoApps/uno-q-pin-toggle-ui/.cache/sketch/core/core.a(main.cpp.o)
 .debug_abbrev  0x0000000000002816      0x234 /home/arduino/ArduinoApps/uno-q-pin-toggle-ui/.cache/sketch/core/core.a(new.cpp.o)
 .debug_abbrev  0x0000000000002a4a      0x4c4 /home/arduino/ArduinoApps/uno-q-pin-toggle-ui/.cache/sketch/core/core.a(threads.cpp.o)
 .debug_abbrev  0x0000000000002f0e      0xa59 /home/arduino/ArduinoApps/uno-q-pin-toggle-ui/.cache/sketch/core/core.a(zephyrCommon.cpp.o)
 .debug_abbrev  0x0000000000003967      0x92d /home/arduino/ArduinoApps/uno-q-pin-toggle-ui/.cache/sketch/core/core.a(zephyrSerial.cpp.o)

.debug_loclists
                0x0000000000000000     0xdc69
 .debug_loclists
                0x0000000000000000     0x9bf0 /home/arduino/ArduinoApps/uno-q-pin-toggle-ui/.cache/sketch/sketch/sketch.ino.cpp.o
 .debug_loclists
                0x0000000000009bf0       0x88 /home/arduino/ArduinoApps/uno-q-pin-toggle-ui/.cache/sketch/core/core.a(abi.cpp.o)
 .debug_loclists
                0x0000000000009c78      0x883 /home/arduino/ArduinoApps/uno-q-pin-toggle-ui/.cache/sketch/core/core.a(Stream.cpp.o)
 .debug_loclists
                0x000000000000a4fb     0x1943 /home/arduino/ArduinoApps/uno-q-pin-toggle-ui/.cache/sketch/core/core.a(String.cpp.o)
 .debug_loclists
                0x000000000000be3e      0x3e1 /home/arduino/ArduinoApps/uno-q-pin-toggle-ui/.cache/sketch/core/core.a(itoa.cpp.o)
 .debug_loclists
                0x000000000000c21f       0x72 /home/arduino/ArduinoApps/uno-q-pin-toggle-ui/.cache/sketch/core/core.a(main.cpp.o)
 .debug_loclists
                0x000000000000c291      0x2bc /home/arduino/ArduinoApps/uno-q-pin-toggle-ui/.cache/sketch/core/core.a(new.cpp.o)
 .debug_loclists
                0x000000000000c54d       0xb3 /home/arduino/ArduinoApps/uno-q-pin-toggle-ui/.cache/sketch/core/core.a(threads.cpp.o)
 .debug_loclists
                0x000000000000c600      0xedd /home/arduino/ArduinoApps/uno-q-pin-toggle-ui/.cache/sketch/core/core.a(zephyrCommon.cpp.o)
 .debug_loclists
                0x000000000000d4dd      0x78c /home/arduino/ArduinoApps/uno-q-pin-toggle-ui/.cache/sketch/core/core.a(zephyrSerial.cpp.o)

.debug_aranges  0x0000000000000000      0xb68
 .debug_aranges
                0x0000000000000000      0x4b0 /home/arduino/ArduinoApps/uno-q-pin-toggle-ui/.cache/sketch/sketch/sketch.ino.cpp.o
 .debug_aranges
                0x00000000000004b0       0x58 /home/arduino/ArduinoApps/uno-q-pin-toggle-ui/.cache/sketch/core/core.a(abi.cpp.o)
 .debug_aranges
                0x0000000000000508       0x90 /home/arduino/ArduinoApps/uno-q-pin-toggle-ui/.cache/sketch/core/core.a(Stream.cpp.o)
 .debug_aranges
                0x0000000000000598      0x298 /home/arduino/ArduinoApps/uno-q-pin-toggle-ui/.cache/sketch/core/core.a(String.cpp.o)
 .debug_aranges
                0x0000000000000830       0x40 /home/arduino/ArduinoApps/uno-q-pin-toggle-ui/.cache/sketch/core/core.a(itoa.cpp.o)
 .debug_aranges
                0x0000000000000870       0x38 /home/arduino/ArduinoApps/uno-q-pin-toggle-ui/.cache/sketch/core/core.a(main.cpp.o)
 .debug_aranges
                0x00000000000008a8       0xb0 /home/arduino/ArduinoApps/uno-q-pin-toggle-ui/.cache/sketch/core/core.a(new.cpp.o)
 .debug_aranges
                0x0000000000000958       0x20 /home/arduino/ArduinoApps/uno-q-pin-toggle-ui/.cache/sketch/core/core.a(threads.cpp.o)
 .debug_aranges
                0x0000000000000978      0x130 /home/arduino/ArduinoApps/uno-q-pin-toggle-ui/.cache/sketch/core/core.a(zephyrCommon.cpp.o)
 .debug_aranges
                0x0000000000000aa8       0xc0 /home/arduino/ArduinoApps/uno-q-pin-toggle-ui/.cache/sketch/core/core.a(zephyrSerial.cpp.o)

.debug_rnglists
                0x0000000000000000     0x2077
 .debug_rnglists
                0x0000000000000000     0x161c /home/arduino/ArduinoApps/uno-q-pin-toggle-ui/.cache/sketch/sketch/sketch.ino.cpp.o
 .debug_rnglists
                0x000000000000161c       0x3d /home/arduino/ArduinoApps/uno-q-pin-toggle-ui/.cache/sketch/core/core.a(abi.cpp.o)
 .debug_rnglists
                0x0000000000001659      0x103 /home/arduino/ArduinoApps/uno-q-pin-toggle-ui/.cache/sketch/core/core.a(Stream.cpp.o)
 .debug_rnglists
                0x000000000000175c      0x375 /home/arduino/ArduinoApps/uno-q-pin-toggle-ui/.cache/sketch/core/core.a(String.cpp.o)
 .debug_rnglists
                0x0000000000001ad1       0x2c /home/arduino/ArduinoApps/uno-q-pin-toggle-ui/.cache/sketch/core/core.a(itoa.cpp.o)
 .debug_rnglists
                0x0000000000001afd       0x33 /home/arduino/ArduinoApps/uno-q-pin-toggle-ui/.cache/sketch/core/core.a(main.cpp.o)
 .debug_rnglists
                0x0000000000001b30       0x7f /home/arduino/ArduinoApps/uno-q-pin-toggle-ui/.cache/sketch/core/core.a(new.cpp.o)
 .debug_rnglists
                0x0000000000001baf       0x3a /home/arduino/ArduinoApps/uno-q-pin-toggle-ui/.cache/sketch/core/core.a(threads.cpp.o)
 .debug_rnglists
                0x0000000000001be9      0x2cc /home/arduino/ArduinoApps/uno-q-pin-toggle-ui/.cache/sketch/core/core.a(zephyrCommon.cpp.o)
 .debug_rnglists
                0x0000000000001eb5      0x1c2 /home/arduino/ArduinoApps/uno-q-pin-toggle-ui/.cache/sketch/core/core.a(zephyrSerial.cpp.o)

.debug_line     0x0000000000000000     0xe3da
 .debug_line    0x0000000000000000     0x8152 /home/arduino/ArduinoApps/uno-q-pin-toggle-ui/.cache/sketch/sketch/sketch.ino.cpp.o
 .debug_line    0x0000000000008152      0x138 /home/arduino/ArduinoApps/uno-q-pin-toggle-ui/.cache/sketch/core/core.a(abi.cpp.o)
 .debug_line    0x000000000000828a      0x8d4 /home/arduino/ArduinoApps/uno-q-pin-toggle-ui/.cache/sketch/core/core.a(Stream.cpp.o)
 .debug_line    0x0000000000008b5e     0x1a12 /home/arduino/ArduinoApps/uno-q-pin-toggle-ui/.cache/sketch/core/core.a(String.cpp.o)
 .debug_line    0x000000000000a570      0x32d /home/arduino/ArduinoApps/uno-q-pin-toggle-ui/.cache/sketch/core/core.a(itoa.cpp.o)
 .debug_line    0x000000000000a89d      0x83b /home/arduino/ArduinoApps/uno-q-pin-toggle-ui/.cache/sketch/core/core.a(main.cpp.o)
 .debug_line    0x000000000000b0d8      0x36b /home/arduino/ArduinoApps/uno-q-pin-toggle-ui/.cache/sketch/core/core.a(new.cpp.o)
 .debug_line    0x000000000000b443      0x860 /home/arduino/ArduinoApps/uno-q-pin-toggle-ui/.cache/sketch/core/core.a(threads.cpp.o)
 .debug_line    0x000000000000bca3     0x17b8 /home/arduino/ArduinoApps/uno-q-pin-toggle-ui/.cache/sketch/core/core.a(zephyrCommon.cpp.o)
 .debug_line    0x000000000000d45b      0xf7f /home/arduino/ArduinoApps/uno-q-pin-toggle-ui/.cache/sketch/core/core.a(zephyrSerial.cpp.o)

.debug_str      0x0000000000000000    0x2f58f
 .debug_str     0x0000000000000000    0x2248f /home/arduino/ArduinoApps/uno-q-pin-toggle-ui/.cache/sketch/sketch/sketch.ino.cpp.o
 .debug_str     0x000000000002248f      0x40d /home/arduino/ArduinoApps/uno-q-pin-toggle-ui/.cache/sketch/core/core.a(abi.cpp.o)
 .debug_str     0x000000000002289c     0x167e /home/arduino/ArduinoApps/uno-q-pin-toggle-ui/.cache/sketch/core/core.a(Stream.cpp.o)
 .debug_str     0x0000000000023f1a     0x1828 /home/arduino/ArduinoApps/uno-q-pin-toggle-ui/.cache/sketch/core/core.a(String.cpp.o)
 .debug_str     0x0000000000025742      0x37a /home/arduino/ArduinoApps/uno-q-pin-toggle-ui/.cache/sketch/core/core.a(itoa.cpp.o)
 .debug_str     0x0000000000025abc     0x1fdf /home/arduino/ArduinoApps/uno-q-pin-toggle-ui/.cache/sketch/core/core.a(main.cpp.o)
 .debug_str     0x0000000000027a9b      0x4d7 /home/arduino/ArduinoApps/uno-q-pin-toggle-ui/.cache/sketch/core/core.a(new.cpp.o)
 .debug_str     0x0000000000027f72     0x1bdf /home/arduino/ArduinoApps/uno-q-pin-toggle-ui/.cache/sketch/core/core.a(threads.cpp.o)
 .debug_str     0x0000000000029b51     0x2fa4 /home/arduino/ArduinoApps/uno-q-pin-toggle-ui/.cache/sketch/core/core.a(zephyrCommon.cpp.o)
 .debug_str     0x000000000002caf5     0x2a9a /home/arduino/ArduinoApps/uno-q-pin-toggle-ui/.cache/sketch/core/core.a(zephyrSerial.cpp.o)

.debug_frame    0x0000000000000000     0x2438
 .debug_frame   0x0000000000000000     0x1190 /home/arduino/ArduinoApps/uno-q-pin-toggle-ui/.cache/sketch/sketch/sketch.ino.cpp.o
 .debug_frame   0x0000000000001190       0x90 /home/arduino/ArduinoApps/uno-q-pin-toggle-ui/.cache/sketch/core/core.a(abi.cpp.o)
 .debug_frame   0x0000000000001220      0x1fc /home/arduino/ArduinoApps/uno-q-pin-toggle-ui/.cache/sketch/core/core.a(Stream.cpp.o)
 .debug_frame   0x000000000000141c      0x7e8 /home/arduino/ArduinoApps/uno-q-pin-toggle-ui/.cache/sketch/core/core.a(String.cpp.o)
 .debug_frame   0x0000000000001c04       0xa0 /home/arduino/ArduinoApps/uno-q-pin-toggle-ui/.cache/sketch/core/core.a(itoa.cpp.o)
 .debug_frame   0x0000000000001ca4       0x68 /home/arduino/ArduinoApps/uno-q-pin-toggle-ui/.cache/sketch/core/core.a(main.cpp.o)
 .debug_frame   0x0000000000001d0c      0x140 /home/arduino/ArduinoApps/uno-q-pin-toggle-ui/.cache/sketch/core/core.a(new.cpp.o)
 .debug_frame   0x0000000000001e4c       0x40 /home/arduino/ArduinoApps/uno-q-pin-toggle-ui/.cache/sketch/core/core.a(threads.cpp.o)
 .debug_frame   0x0000000000001e8c      0x39c /home/arduino/ArduinoApps/uno-q-pin-toggle-ui/.cache/sketch/core/core.a(zephyrCommon.cpp.o)
 .debug_frame   0x0000000000002228      0x210 /home/arduino/ArduinoApps/uno-q-pin-toggle-ui/.cache/sketch/core/core.a(zephyrSerial.cpp.o)
